Component: ARM Compiler 5.06 update 7 (build 960) Tool: armlink [4d3601]

==============================================================================

Section Cross References

    startup_stm32f429xx.o(RESET) refers to startup_stm32f429xx.o(STACK) for __initial_sp
    startup_stm32f429xx.o(RESET) refers to startup_stm32f429xx.o(.text) for Reset_Handler
    startup_stm32f429xx.o(RESET) refers to stm32f4xx_it.o(i.NMI_Handler) for NMI_Handler
    startup_stm32f429xx.o(RESET) refers to stm32f4xx_it.o(i.HardFault_Handler) for HardFault_Handler
    startup_stm32f429xx.o(RESET) refers to stm32f4xx_it.o(i.MemManage_Handler) for MemManage_Handler
    startup_stm32f429xx.o(RESET) refers to stm32f4xx_it.o(i.BusFault_Handler) for BusFault_Handler
    startup_stm32f429xx.o(RESET) refers to stm32f4xx_it.o(i.UsageFault_Handler) for UsageFault_Handler
    startup_stm32f429xx.o(RESET) refers to stm32f4xx_it.o(i.SVC_Handler) for SVC_Handler
    startup_stm32f429xx.o(RESET) refers to stm32f4xx_it.o(i.DebugMon_Handler) for DebugMon_Handler
    startup_stm32f429xx.o(RESET) refers to stm32f4xx_it.o(i.PendSV_Handler) for PendSV_Handler
    startup_stm32f429xx.o(RESET) refers to stm32f4xx_it.o(i.SysTick_Handler) for SysTick_Handler
    startup_stm32f429xx.o(RESET) refers to stm32f4xx_it.o(i.TIM2_IRQHandler) for TIM2_IRQHandler
    startup_stm32f429xx.o(RESET) refers to stm32f4xx_it.o(i.USART1_IRQHandler) for USART1_IRQHandler
    startup_stm32f429xx.o(RESET) refers to stm32f4xx_it.o(i.USART2_IRQHandler) for USART2_IRQHandler
    startup_stm32f429xx.o(RESET) refers to stm32f4xx_it.o(i.OTG_FS_IRQHandler) for OTG_FS_IRQHandler
    startup_stm32f429xx.o(RESET) refers to stm32f4xx_it.o(i.FPU_IRQHandler) for FPU_IRQHandler
    startup_stm32f429xx.o(RESET) refers to stm32f4xx_it.o(i.LTDC_IRQHandler) for LTDC_IRQHandler
    startup_stm32f429xx.o(.text) refers to system_stm32f4xx.o(i.SystemInit) for SystemInit
    startup_stm32f429xx.o(.text) refers to entry.o(.ARM.Collect$$$$00000000) for __main
    main.o(i.SystemClock_Config) refers to memseta.o(.text) for __aeabi_memclr4
    main.o(i.SystemClock_Config) refers to stm32f4xx_hal_rcc.o(i.HAL_RCC_OscConfig) for HAL_RCC_OscConfig
    main.o(i.SystemClock_Config) refers to main.o(i.Error_Handler) for Error_Handler
    main.o(i.SystemClock_Config) refers to stm32f4xx_hal_rcc.o(i.HAL_RCC_ClockConfig) for HAL_RCC_ClockConfig
    main.o(i.main) refers to stm32f4xx_hal.o(i.HAL_Init) for HAL_Init
    main.o(i.main) refers to main.o(i.SystemClock_Config) for SystemClock_Config
    main.o(i.main) refers to fil_option.o(i.FilFuns_Init) for FilFuns_Init
    main.o(i.main) refers to gpio.o(i.MX_GPIO_Init) for MX_GPIO_Init
    main.o(i.main) refers to usart.o(i.MX_USART2_UART_Init) for MX_USART2_UART_Init
    main.o(i.main) refers to ltdc.o(i.MX_LTDC_Init) for MX_LTDC_Init
    main.o(i.main) refers to fmc.o(i.MX_FMC_Init) for MX_FMC_Init
    main.o(i.main) refers to tim.o(i.MX_TIM2_Init) for MX_TIM2_Init
    main.o(i.main) refers to dma2d.o(i.MX_DMA2D_Init) for MX_DMA2D_Init
    main.o(i.main) refers to usb_host.o(i.MX_USB_HOST_Init) for MX_USB_HOST_Init
    main.o(i.main) refers to usart.o(i.MX_USART1_UART_Init) for MX_USART1_UART_Init
    main.o(i.main) refers to bsp_spi_flash.o(i.SPI_FLASH_Init) for SPI_FLASH_Init
    main.o(i.main) refers to bsp_lcd.o(i.LCD_TestLayerInit) for LCD_TestLayerInit
    main.o(i.main) refers to bsp_lcd.o(i.LCD_Test) for LCD_Test
    main.o(i.main) refers to bsp_spi_flash.o(i.SPI_FLASH_Mode_Init) for SPI_FLASH_Mode_Init
    main.o(i.main) refers to bsp_spi_flash.o(i.SPI_FLASH_TEST) for SPI_FLASH_TEST
    main.o(i.main) refers to usb_host.o(i.MX_USB_HOST_Process) for MX_USB_HOST_Process
    gpio.o(i.MX_GPIO_Init) refers to memseta.o(.text) for __aeabi_memclr4
    gpio.o(i.MX_GPIO_Init) refers to stm32f4xx_hal_gpio.o(i.HAL_GPIO_WritePin) for HAL_GPIO_WritePin
    gpio.o(i.MX_GPIO_Init) refers to stm32f4xx_hal_gpio.o(i.HAL_GPIO_Init) for HAL_GPIO_Init
    dma2d.o(i.MX_DMA2D_Init) refers to dma2d.o(i.HAL_DMA2D_MspDeInit) for HAL_DMA2D_MspDeInit
    dma2d.o(i.MX_DMA2D_Init) refers to dma2d.o(.bss) for hdma2d
    fmc.o(i.HAL_FMC_MspDeInit) refers to stm32f4xx_hal_gpio.o(i.HAL_GPIO_DeInit) for HAL_GPIO_DeInit
    fmc.o(i.HAL_FMC_MspDeInit) refers to fmc.o(.data) for FMC_DeInitialized
    fmc.o(i.HAL_FMC_MspInit) refers to memseta.o(.text) for __aeabi_memclr4
    fmc.o(i.HAL_FMC_MspInit) refers to stm32f4xx_hal_gpio.o(i.HAL_GPIO_Init) for HAL_GPIO_Init
    fmc.o(i.HAL_FMC_MspInit) refers to fmc.o(.data) for FMC_Initialized
    fmc.o(i.HAL_SDRAM_MspDeInit) refers to fmc.o(i.HAL_FMC_MspDeInit) for HAL_FMC_MspDeInit
    fmc.o(i.HAL_SDRAM_MspInit) refers to fmc.o(i.HAL_FMC_MspInit) for HAL_FMC_MspInit
    fmc.o(i.MX_FMC_Init) refers to fmc.o(i.HAL_SDRAM_MspInit) for HAL_SDRAM_MspInit
    fmc.o(i.MX_FMC_Init) refers to memseta.o(.text) for __aeabi_memclr4
    fmc.o(i.MX_FMC_Init) refers to stm32f4xx_hal_sdram.o(i.HAL_SDRAM_Init) for HAL_SDRAM_Init
[...]
    DMA1_Stream0_IRQHandler                  0x080001df   Thumb Code     0  startup_stm32f429xx.o(.text)
    DMA1_Stream1_IRQHandler                  0x080001df   Thumb Code     0  startup_stm32f429xx.o(.text)
    DMA1_Stream2_IRQHandler                  0x080001df   Thumb Code     0  startup_stm32f429xx.o(.text)
    DMA1_Stream3_IRQHandler                  0x080001df   Thumb Code     0  startup_stm32f429xx.o(.text)
    DMA1_Stream4_IRQHandler                  0x080001df   Thumb Code     0  startup_stm32f429xx.o(.text)
    DMA1_Stream5_IRQHandler                  0x080001df   Thumb Code     0  startup_stm32f429xx.o(.text)
    DMA1_Stream6_IRQHandler                  0x080001df   Thumb Code     0  startup_stm32f429xx.o(.text)
    DMA1_Stream7_IRQHandler                  0x080001df   Thumb Code     0  startup_stm32f429xx.o(.text)
    DMA2D_IRQHandler                         0x080001df   Thumb Code     0  startup_stm32f429xx.o(.text)
    DMA2_Stream0_IRQHandler                  0x080001df   Thumb Code     0  startup_stm32f429xx.o(.text)
    DMA2_Stream1_IRQHandler                  0x080001df   Thumb Code     0  startup_stm32f429xx.o(.text)
    DMA2_Stream2_IRQHandler                  0x080001df   Thumb Code     0  startup_stm32f429xx.o(.text)
    DMA2_Stream3_IRQHandler                  0x080001df   Thumb Code     0  startup_stm32f429xx.o(.text)
    DMA2_Stream4_IRQHandler                  0x080001df   Thumb Code     0  startup_stm32f429xx.o(.text)
    DMA2_Stream5_IRQHandler                  0x080001df   Thumb Code     0  startup_stm32f429xx.o(.text)
    DMA2_Stream6_IRQHandler                  0x080001df   Thumb Code     0  startup_stm32f429xx.o(.text)
    DMA2_Stream7_IRQHandler                  0x080001df   Thumb Code     0  startup_stm32f429xx.o(.text)
    ETH_IRQHandler                           0x080001df   Thumb Code     0  startup_stm32f429xx.o(.text)
    ETH_WKUP_IRQHandler                      0x080001df   Thumb Code     0  startup_stm32f429xx.o(.text)
    EXTI0_IRQHandler                         0x080001df   Thumb Code     0  startup_stm32f429xx.o(.text)
    EXTI15_10_IRQHandler                     0x080001df   Thumb Code     0  startup_stm32f429xx.o(.text)
    EXTI1_IRQHandler                         0x080001df   Thumb Code     0  startup_stm32f429xx.o(.text)
    EXTI2_IRQHandler                         0x080001df   Thumb Code     0  startup_stm32f429xx.o(.text)
    EXTI3_IRQHandler                         0x080001df   Thumb Code     0  startup_stm32f429xx.o(.text)
    EXTI4_IRQHandler                         0x080001df   Thumb Code     0  startup_stm32f429xx.o(.text)
    EXTI9_5_IRQHandler                       0x080001df   Thumb Code     0  startup_stm32f429xx.o(.text)
    FLASH_IRQHandler                         0x080001df   Thumb Code     0  startup_stm32f429xx.o(.text)
    FMC_IRQHandler                           0x080001df   Thumb Code     0  startup_stm32f429xx.o(.text)
    HASH_RNG_IRQHandler                      0x080001df   Thumb Code     0  startup_stm32f429xx.o(.text)
    I2C1_ER_IRQHandler                       0x080001df   Thumb Code     0  startup_stm32f429xx.o(.text)
    I2C1_EV_IRQHandler                       0x080001df   Thumb Code     0  startup_stm32f429xx.o(.text)
    I2C2_ER_IRQHandler                       0x080001df   Thumb Code     0  startup_stm32f429xx.o(.text)
    I2C2_EV_IRQHandler                       0x080001df   Thumb Code     0  startup_stm32f429xx.o(.text)
    I2C3_ER_IRQHandler                       0x080001df   Thumb Code     0  startup_stm32f429xx.o(.text)
    I2C3_EV_IRQHandler                       0x080001df   Thumb Code     0  startup_stm32f429xx.o(.text)
    LTDC_ER_IRQHandler                       0x080001df   Thumb Code     0  startup_stm32f429xx.o(.text)
    OTG_FS_WKUP_IRQHandler                   0x080001df   Thumb Code     0  startup_stm32f429xx.o(.text)
    OTG_HS_EP1_IN_IRQHandler                 0x080001df   Thumb Code     0  startup_stm32f429xx.o(.text)
    OTG_HS_EP1_OUT_IRQHandler                0x080001df   Thumb Code     0  startup_stm32f429xx.o(.text)
    OTG_HS_IRQHandler                        0x080001df   Thumb Code     0  startup_stm32f429xx.o(.text)
    OTG_HS_WKUP_IRQHandler                   0x080001df   Thumb Code     0  startup_stm32f429xx.o(.text)
    PVD_IRQHandler                           0x080001df   Thumb Code     0  startup_stm32f429xx.o(.text)
    RCC_IRQHandler                           0x080001df   Thumb Code     0  startup_stm32f429xx.o(.text)
    RTC_Alarm_IRQHandler                     0x080001df   Thumb Code     0  startup_stm32f429xx.o(.text)
    RTC_WKUP_IRQHandler                      0x080001df   Thumb Code     0  startup_stm32f429xx.o(.text)
    SAI1_IRQHandler                          0x080001df   Thumb Code     0  startup_stm32f429xx.o(.text)
    SDIO_IRQHandler                          0x080001df   Thumb Code     0  startup_stm32f429xx.o(.text)
    SPI1_IRQHandler                          0x080001df   Thumb Code     0  startup_stm32f429xx.o(.text)
    SPI2_IRQHandler                          0x080001df   Thumb Code     0  startup_stm32f429xx.o(.text)
    SPI3_IRQHandler                          0x080001df   Thumb Code     0  startup_stm32f429xx.o(.text)
    SPI4_IRQHandler                          0x080001df   Thumb Code     0  startup_stm32f429xx.o(.text)
    SPI5_IRQHandler                          0x080001df   Thumb Code     0  startup_stm32f429xx.o(.text)
    SPI6_IRQHandler                          0x080001df   Thumb Code     0  startup_stm32f429xx.o(.text)
    TAMP_STAMP_IRQHandler                    0x080001df   Thumb Code     0  startup_stm32f429xx.o(.text)
    TIM1_BRK_TIM9_IRQHandler                 0x080001df   Thumb Code     0  startup_stm32f429xx.o(.text)
    TIM1_CC_IRQHandler                       0x080001df   Thumb Code     0  startup_stm32f429xx.o(.text)
    TIM1_TRG_COM_TIM11_IRQHandler            0x080001df   Thumb Code     0  startup_stm32f429xx.o(.text)
    TIM1_UP_TIM10_IRQHandler                 0x080001df   Thumb Code     0  startup_stm32f429xx.o(.text)
    TIM3_IRQHandler                          0x080001df   Thumb Code     0  startup_stm32f429xx.o(.text)
    TIM4_IRQHandler                          0x080001df   Thumb Code     0  startup_stm32f429xx.o(.text)
    TIM5_IRQHandler                          0x080001df   Thumb Code     0  startup_stm32f429xx.o(.text)
    TIM6_DAC_IRQHandler                      0x080001df   Thumb Code     0  startup_stm32f429xx.o(.text)
    TIM7_IRQHandler                          0x080001df   Thumb Code     0  startup_stm32f429xx.o(.text)
    TIM8_BRK_TIM12_IRQHandler                0x080001df   Thumb Code     0  startup_stm32f429xx.o(.text)
    TIM8_CC_IRQHandler                       0x080001df   Thumb Code     0  startup_stm32f429xx.o(.text)
    TIM8_TRG_COM_TIM14_IRQHandler            0x080001df   Thumb Code     0  startup_stm32f429xx.o(.text)
    TIM8_UP_TIM13_IRQHandler                 0x080001df   Thumb Code     0  startup_stm32f429xx.o(.text)
    UART4_IRQHandler                         0x080001df   Thumb Code     0  startup_stm32f429xx.o(.text)
    UART5_IRQHandler                         0x080001df   Thumb Code     0  startup_stm32f429xx.o(.text)
    UART7_IRQHandler                         0x080001df   Thumb Code     0  startup_stm32f429xx.o(.text)
    UART8_IRQHandler                         0x080001df   Thumb Code     0  startup_stm32f429xx.o(.text)
    USART3_IRQHandler                        0x080001df   Thumb Code     0  startup_stm32f429xx.o(.text)
    USART6_IRQHandler                        0x080001df   Thumb Code     0  startup_stm32f429xx.o(.text)
    WWDG_IRQHandler                          0x080001df   Thumb Code     0  startup_stm32f429xx.o(.text)
    __aeabi_uldivmod                         0x080001e9   Thumb Code    98  uldiv.o(.text)
    __aeabi_memcpy                           0x0800024b   Thumb Code    36  memcpya.o(.text)
    __aeabi_memcpy4                          0x0800024b   Thumb Code     0  memcpya.o(.text)
    __aeabi_memcpy8                          0x0800024b   Thumb Code     0  memcpya.o(.text)
    __aeabi_memset                           0x0800026f   Thumb Code    14  memseta.o(.text)
    __aeabi_memset4                          0x0800026f   Thumb Code     0  memseta.o(.text)
    __aeabi_memset8                          0x0800026f   Thumb Code     0  memseta.o(.text)
    __aeabi_memclr                           0x0800027d   Thumb Code     4  memseta.o(.text)
    __aeabi_memclr4                          0x0800027d   Thumb Code     0  memseta.o(.text)
    __aeabi_memclr8                          0x0800027d   Thumb Code     0  memseta.o(.text)
    _memset$wrapper                          0x08000281   Thumb Code    18  memseta.o(.text)
    strchr                                   0x08000293   Thumb Code    20  strchr.o(.text)
    memcmp                                   0x080002a7   Thumb Code    26  memcmp.o(.text)
    __aeabi_llsl                             0x080002c1   Thumb Code    30  llshl.o(.text)
    _ll_shift_l                              0x080002c1   Thumb Code     0  llshl.o(.text)
    __aeabi_llsr                             0x080002df   Thumb Code    32  llushr.o(.text)
    _ll_ushift_r                             0x080002df   Thumb Code     0  llushr.o(.text)
    __scatterload                            0x08000301   Thumb Code    28  init.o(.text)
    __scatterload_rt2                        0x08000301   Thumb Code     0  init.o(.text)
    Buffercmp                                0x08000325   Thumb Code    36  bsp_spi_flash.o(i.Buffercmp)
    BusFault_Handler                         0x08000349   Thumb Code     4  stm32f4xx_it.o(i.BusFault_Handler)
    DebugMon_Handler                         0x08000491   Thumb Code     2  stm32f4xx_it.o(i.DebugMon_Handler)
    Error_Handler                            0x08000493   Thumb Code     6  main.o(i.Error_Handler)
    FMC_SDRAM_Init                           0x08000499   Thumb Code   116  stm32f4xx_ll_fmc.o(i.FMC_SDRAM_Init)
    FMC_SDRAM_ProgramRefreshRate             0x0800050d   Thumb Code    14  stm32f4xx_ll_fmc.o(i.FMC_SDRAM_ProgramRefreshRate)
    FMC_SDRAM_SendCommand                    0x0800051b   Thumb Code    82  stm32f4xx_ll_fmc.o(i.FMC_SDRAM_SendCommand)
    FMC_SDRAM_Timing_Init                    0x0800056d   Thumb Code   152  stm32f4xx_ll_fmc.o(i.FMC_SDRAM_Timing_Init)
    FPU_IRQHandler                           0x08000609   Thumb Code     2  stm32f4xx_it.o(i.FPU_IRQHandler)
    FilFuns_Init                             0x0800060d   Thumb Code   106  fil_option.o(i.FilFuns_Init)
    HAL_DMA2D_ConfigLayer                    0x08000689   Thumb Code   198  stm32f4xx_hal_dma2d.o(i.HAL_DMA2D_ConfigLayer)
    HAL_DMA2D_GetState                       0x08000755   Thumb Code     8  stm32f4xx_hal_dma2d.o(i.HAL_DMA2D_GetState)
    HAL_DMA2D_Init                           0x0800075d   Thumb Code    96  stm32f4xx_hal_dma2d.o(i.HAL_DMA2D_Init)
    HAL_DMA2D_MspDeInit                      0x080007bd   Thumb Code    22  dma2d.o(i.HAL_DMA2D_MspDeInit)
    HAL_DMA2D_MspInit                        0x080007dd   Thumb Code    44  dma2d.o(i.HAL_DMA2D_MspInit)
    HAL_DMA2D_PollForTransfer                0x08000811   Thumb Code   358  stm32f4xx_hal_dma2d.o(i.HAL_DMA2D_PollForTransfer)
    HAL_DMA2D_Start                          0x08000977   Thumb Code    78  stm32f4xx_hal_dma2d.o(i.HAL_DMA2D_Start)
    HAL_DMA_Abort                            0x080009c5   Thumb Code   172  stm32f4xx_hal_dma.o(i.HAL_DMA_Abort)
    HAL_DMA_Abort_IT                         0x08000a71   Thumb Code    40  stm32f4xx_hal_dma.o(i.HAL_DMA_Abort_IT)
    HAL_Delay                                0x08000a99   Thumb Code    36  stm32f4xx_hal.o(i.HAL_Delay)
    HAL_GPIO_Init                            0x08000bb1   Thumb Code   472  stm32f4xx_hal_gpio.o(i.HAL_GPIO_Init)
    HAL_GPIO_TogglePin                       0x08000dbd   Thumb Code    20  stm32f4xx_hal_gpio.o(i.HAL_GPIO_TogglePin)
    HAL_GPIO_WritePin                        0x08000dd1   Thumb Code    12  stm32f4xx_hal_gpio.o(i.HAL_GPIO_WritePin)
    HAL_GetTick                              0x08000ddd   Thumb Code     6  stm32f4xx_hal.o(i.HAL_GetTick)
    HAL_HCD_Connect_Callback                 0x08000de9   Thumb Code    14  usbh_conf.o(i.HAL_HCD_Connect_Callback)
    HAL_HCD_Disconnect_Callback              0x08000df7   Thumb Code    14  usbh_conf.o(i.HAL_HCD_Disconnect_Callback)
    HAL_HCD_GetCurrentFrame                  0x08000e05   Thumb Code    12  stm32f4xx_hal_hcd.o(i.HAL_HCD_GetCurrentFrame)
    HAL_HCD_GetCurrentSpeed                  0x08000e11   Thumb Code    12  stm32f4xx_hal_hcd.o(i.HAL_HCD_GetCurrentSpeed)
    HAL_HCD_HC_GetURBState                   0x08000e1d   Thumb Code    24  stm32f4xx_hal_hcd.o(i.HAL_HCD_HC_GetURBState)
    HAL_HCD_HC_GetXferCount                  0x08000e35   Thumb Code    22  stm32f4xx_hal_hcd.o(i.HAL_HCD_HC_GetXferCount)
    HAL_HCD_HC_Halt                          0x08000e4b   Thumb Code    52  stm32f4xx_hal_hcd.o(i.HAL_HCD_HC_Halt)
    HAL_HCD_HC_Init                          0x08000e7f   Thumb Code   262  stm32f4xx_hal_hcd.o(i.HAL_HCD_HC_Init)
    HAL_HCD_HC_NotifyURBChange_Callback      0x08000f85   Thumb Code     2  usbh_conf.o(i.HAL_HCD_HC_NotifyURBChange_Callback)
    HAL_HCD_HC_SubmitRequest                 0x08000f87   Thumb Code   676  stm32f4xx_hal_hcd.o(i.HAL_HCD_HC_SubmitRequest)
    HAL_HCD_IRQHandler                       0x0800122b   Thumb Code   376  stm32f4xx_hal_hcd.o(i.HAL_HCD_IRQHandler)
    HAL_HCD_Init                             0x080013a3   Thumb Code   116  stm32f4xx_hal_hcd.o(i.HAL_HCD_Init)
    HAL_HCD_MspInit                          0x08001419   Thumb Code   178  usbh_conf.o(i.HAL_HCD_MspInit)
    HAL_HCD_PortDisabled_Callback            0x080014d5   Thumb Code    14  usbh_conf.o(i.HAL_HCD_PortDisabled_Callback)
    HAL_HCD_PortEnabled_Callback             0x080014e3   Thumb Code    14  usbh_conf.o(i.HAL_HCD_PortEnabled_Callback)
    HAL_HCD_ResetPort                        0x080014f1   Thumb Code    12  stm32f4xx_hal_hcd.o(i.HAL_HCD_ResetPort)
    HAL_HCD_SOF_Callback                     0x080014fd   Thumb Code    14  usbh_conf.o(i.HAL_HCD_SOF_Callback)
    HAL_HCD_Start                            0x0800150b   Thumb Code    54  stm32f4xx_hal_hcd.o(i.HAL_HCD_Start)
    HAL_HCD_Stop                             0x08001541   Thumb Code    46  stm32f4xx_hal_hcd.o(i.HAL_HCD_Stop)
    HAL_IncTick                              0x08001571   Thumb Code    16  stm32f4xx_hal.o(i.HAL_IncTick)
    HAL_Init                                 0x08001589   Thumb Code    54  stm32f4xx_hal.o(i.HAL_Init)
    HAL_InitTick                             0x080015c5   Thumb Code    64  stm32f4xx_hal.o(i.HAL_InitTick)
    HAL_LTDC_ConfigLayer                     0x08001611   Thumb Code    94  stm32f4xx_hal_ltdc.o(i.HAL_LTDC_ConfigLayer)
    HAL_LTDC_ErrorCallback                   0x0800166f   Thumb Code     2  stm32f4xx_hal_ltdc.o(i.HAL_LTDC_ErrorCallback)
    HAL_LTDC_IRQHandler                      0x08001671   Thumb Code   244  stm32f4xx_hal_ltdc.o(i.HAL_LTDC_IRQHandler)
    HAL_LTDC_Init                            0x08001765   Thumb Code   274  stm32f4xx_hal_ltdc.o(i.HAL_LTDC_Init)
    HAL_LTDC_LineEventCallback               0x0800187d   Thumb Code    46  bsp_lcd.o(i.HAL_LTDC_LineEventCallback)
    HAL_LTDC_MspInit                         0x080018b1   Thumb Code   464  ltdc.o(i.HAL_LTDC_MspInit)
    HAL_LTDC_ProgramLineEvent                0x08001aa1   Thumb Code    78  stm32f4xx_hal_ltdc.o(i.HAL_LTDC_ProgramLineEvent)
    HAL_LTDC_ReloadEventCallback             0x08001af5   Thumb Code    38  bsp_lcd.o(i.HAL_LTDC_ReloadEventCallback)
    HAL_LTDC_SetAlpha                        0x08001b21   Thumb Code    92  stm32f4xx_hal_ltdc.o(i.HAL_LTDC_SetAlpha)
    HAL_MspInit                              0x08001b7d   Thumb Code    84  stm32f4xx_hal_msp.o(i.HAL_MspInit)
    HAL_NVIC_EnableIRQ                       0x08001bd5   Thumb Code    32  stm32f4xx_hal_cortex.o(i.HAL_NVIC_EnableIRQ)
    HAL_NVIC_SetPriority                     0x08001bf5   Thumb Code   124  stm32f4xx_hal_cortex.o(i.HAL_NVIC_SetPriority)
    HAL_NVIC_SetPriorityGrouping             0x08001c71   Thumb Code    32  stm32f4xx_hal_cortex.o(i.HAL_NVIC_SetPriorityGrouping)
    HAL_RCCEx_PeriphCLKConfig                0x08001c99   Thumb Code   746  stm32f4xx_hal_rcc_ex.o(i.HAL_RCCEx_PeriphCLKConfig)
    HAL_RCC_ClockConfig                      0x08001f9d   Thumb Code   368  stm32f4xx_hal_rcc.o(i.HAL_RCC_ClockConfig)
    HAL_RCC_GetHCLKFreq                      0x08002121   Thumb Code     6  stm32f4xx_hal_rcc.o(i.HAL_RCC_GetHCLKFreq)
    HAL_RCC_GetPCLK1Freq                     0x0800212d   Thumb Code    22  stm32f4xx_hal_rcc.o(i.HAL_RCC_GetPCLK1Freq)
    HAL_RCC_GetPCLK2Freq                     0x0800214d   Thumb Code    22  stm32f4xx_hal_rcc.o(i.HAL_RCC_GetPCLK2Freq)
    HAL_RCC_GetSysClockFreq                  0x0800216d   Thumb Code   162  stm32f4xx_hal_rcc.o(i.HAL_RCC_GetSysClockFreq)
    HAL_RCC_OscConfig                        0x0800221d   Thumb Code  1172  stm32f4xx_hal_rcc.o(i.HAL_RCC_OscConfig)
    HAL_SDRAM_Init                           0x080026b9   Thumb Code    64  stm32f4xx_hal_sdram.o(i.HAL_SDRAM_Init)
    HAL_SDRAM_MspInit                        0x080026f9   Thumb Code    10  fmc.o(i.HAL_SDRAM_MspInit)
    HAL_SDRAM_ProgramRefreshRate             0x08002703   Thumb Code    40  stm32f4xx_hal_sdram.o(i.HAL_SDRAM_ProgramRefreshRate)
    HAL_SDRAM_SendCommand                    0x0800272b   Thumb Code    58  stm32f4xx_hal_sdram.o(i.HAL_SDRAM_SendCommand)
    HAL_SPI_Init                             0x08002765   Thumb Code   200  stm32f4xx_hal_spi.o(i.HAL_SPI_Init)
    HAL_SPI_MspInit                          0x0800282d   Thumb Code   386  bsp_spi_flash.o(i.HAL_SPI_MspInit)
    HAL_SYSTICK_Config                       0x080029c5   Thumb Code    52  stm32f4xx_hal_cortex.o(i.HAL_SYSTICK_Config)
    HAL_TIMEx_BreakCallback                  0x080029f9   Thumb Code     2  stm32f4xx_hal_tim_ex.o(i.HAL_TIMEx_BreakCallback)
    HAL_TIMEx_CommutCallback                 0x080029fb   Thumb Code     2  stm32f4xx_hal_tim_ex.o(i.HAL_TIMEx_CommutCallback)
    HAL_TIMEx_MasterConfigSynchronization    0x080029fd   Thumb Code   150  stm32f4xx_hal_tim_ex.o(i.HAL_TIMEx_MasterConfigSynchronization)
    HAL_TIM_Base_Init                        0x08002ab1   Thumb Code   102  stm32f4xx_hal_tim.o(i.HAL_TIM_Base_Init)
    HAL_TIM_Base_MspInit                     0x08002b19   Thumb Code    62  tim.o(i.HAL_TIM_Base_MspInit)
    HAL_TIM_Base_Start_IT                    0x08002b5d   Thumb Code   138  stm32f4xx_hal_tim.o(i.HAL_TIM_Base_Start_IT)
    HAL_TIM_ConfigClockSource                0x08002c05   Thumb Code   268  stm32f4xx_hal_tim.o(i.HAL_TIM_ConfigClockSource)
    HAL_TIM_IC_CaptureCallback               0x08002d11   Thumb Code     2  stm32f4xx_hal_tim.o(i.HAL_TIM_IC_CaptureCallback)
    HAL_TIM_IRQHandler                       0x08002d13   Thumb Code   406  stm32f4xx_hal_tim.o(i.HAL_TIM_IRQHandler)
    HAL_TIM_OC_DelayElapsedCallback          0x08002ea9   Thumb Code     2  stm32f4xx_hal_tim.o(i.HAL_TIM_OC_DelayElapsedCallback)
    HAL_TIM_PWM_PulseFinishedCallback        0x08002eab   Thumb Code     2  stm32f4xx_hal_tim.o(i.HAL_TIM_PWM_PulseFinishedCallback)
    HAL_TIM_PeriodElapsedCallback            0x08002ead   Thumb Code    46  tim.o(i.HAL_TIM_PeriodElapsedCallback)
    HAL_TIM_TriggerCallback                  0x08002ee9   Thumb Code     2  stm32f4xx_hal_tim.o(i.HAL_TIM_TriggerCallback)
    HAL_UARTEx_RxEventCallback               0x08002eeb   Thumb Code     2  stm32f4xx_hal_uart.o(i.HAL_UARTEx_RxEventCallback)
    HAL_UART_ErrorCallback                   0x08002eed   Thumb Code     2  stm32f4xx_hal_uart.o(i.HAL_UART_ErrorCallback)
    HAL_UART_IRQHandler                      0x08002ef1   Thumb Code   732  stm32f4xx_hal_uart.o(i.HAL_UART_IRQHandler)
    HAL_UART_Init                            0x080031d1   Thumb Code   114  stm32f4xx_hal_uart.o(i.HAL_UART_Init)
    HAL_UART_MspInit                         0x08003245   Thumb Code   322  usart.o(i.HAL_UART_MspInit)
    HAL_UART_RxCpltCallback                  0x0800339d   Thumb Code     2  stm32f4xx_hal_uart.o(i.HAL_UART_RxCpltCallback)
    HAL_UART_Transmit                        0x0800339f   Thumb Code   210  stm32f4xx_hal_uart.o(i.HAL_UART_Transmit)
    HAL_UART_TxCpltCallback                  0x08003471   Thumb Code     2  stm32f4xx_hal_uart.o(i.HAL_UART_TxCpltCallback)
    HardFault_Handler                        0x08004555   Thumb Code     4  stm32f4xx_it.o(i.HardFault_Handler)
    LCD_Clear                                0x08004559   Thumb Code    56  bsp_lcd.o(i.LCD_Clear)
    LCD_DisplayOff                           0x08004599   Thumb Code    42  bsp_lcd.o(i.LCD_DisplayOff)
    LCD_DisplayOn                            0x080045d1   Thumb Code    42  bsp_lcd.o(i.LCD_DisplayOn)
    LCD_GetXSize                             0x08004bc9   Thumb Code    22  bsp_lcd.o(i.LCD_GetXSize)
    LCD_GetYSize                             0x08004be9   Thumb Code    22  bsp_lcd.o(i.LCD_GetYSize)
    LCD_Init                                 0x08004c09   Thumb Code   226  bsp_lcd.o(i.LCD_Init)
    LCD_LayerInit                            0x08004cfd   Thumb Code   162  bsp_lcd.o(i.LCD_LayerInit)
    LCD_SelectLayer                          0x08004db5   Thumb Code    18  bsp_lcd.o(i.LCD_SelectLayer)
    LCD_SetFont                              0x08004dd1   Thumb Code    18  bsp_lcd.o(i.LCD_SetFont)
    LCD_SetTransparency                      0x08004ded   Thumb Code    18  bsp_lcd.o(i.LCD_SetTransparency)
    LCD_Test                                 0x08004e05   Thumb Code    52  bsp_lcd.o(i.LCD_Test)
    LCD_TestLayerInit                        0x08004e3d   Thumb Code    66  bsp_lcd.o(i.LCD_TestLayerInit)
    LTDC_IRQHandler                          0x08004f91   Thumb Code    10  stm32f4xx_it.o(i.LTDC_IRQHandler)
    MX_DMA2D_Init                            0x080051b1   Thumb Code    10  dma2d.o(i.MX_DMA2D_Init)
    MX_DriverVbusFS                          0x080051c1   Thumb Code    28  usbh_platform.o(i.MX_DriverVbusFS)
    MX_FMC_Init                              0x080051e1   Thumb Code   122  fmc.o(i.MX_FMC_Init)
    MX_GPIO_Init                             0x08005265   Thumb Code   538  gpio.o(i.MX_GPIO_Init)
    MX_LTDC_Init                             0x0800549d   Thumb Code    14  ltdc.o(i.MX_LTDC_Init)
    MX_TIM2_Init                             0x080054b1   Thumb Code   116  tim.o(i.MX_TIM2_Init)
    MX_USART1_UART_Init                      0x08005529   Thumb Code    52  usart.o(i.MX_USART1_UART_Init)
    MX_USART2_UART_Init                      0x08005565   Thumb Code    52  usart.o(i.MX_USART2_UART_Init)
    MX_USB_HOST_Init                         0x080055a1   Thumb Code    52  usb_host.o(i.MX_USB_HOST_Init)
    MX_USB_HOST_Process                      0x080055e1   Thumb Code    10  usb_host.o(i.MX_USB_HOST_Process)
    MemManage_Handler                        0x080055f1   Thumb Code     4  stm32f4xx_it.o(i.MemManage_Handler)
    NMI_Handler                              0x080055f5   Thumb Code     4  stm32f4xx_it.o(i.NMI_Handler)
    OTG_FS_IRQHandler                        0x080055f9   Thumb Code    10  stm32f4xx_it.o(i.OTG_FS_IRQHandler)
    PendSV_Handler                           0x08005609   Thumb Code     2  stm32f4xx_it.o(i.PendSV_Handler)
    SDRAM_EraseBank                          0x0800560d   Thumb Code   100  bsp_sdram.o(i.SDRAM_EraseBank)
    SDRAM_InitSequence                       0x08005679   Thumb Code   136  bsp_sdram.o(i.SDRAM_InitSequence)
    SDRAM_MemSet_32b                         0x08005705   Thumb Code    26  bsp_sdram.o(i.SDRAM_MemSet_32b)
    SPI_FLASH_BufferRead                     0x0800571f   Thumb Code    82  bsp_spi_flash.o(i.SPI_FLASH_BufferRead)
    SPI_FLASH_BufferWrite                    0x08005771   Thumb Code   270  bsp_spi_flash.o(i.SPI_FLASH_BufferWrite)
    SPI_FLASH_CS_HIGH                        0x08005881   Thumb Code    76  bsp_spi_flash.o(i.SPI_FLASH_CS_HIGH)
    SPI_FLASH_CS_LOW                         0x080058dd   Thumb Code    78  bsp_spi_flash.o(i.SPI_FLASH_CS_LOW)
    SPI_FLASH_Init                           0x0800593d   Thumb Code    86  bsp_spi_flash.o(i.SPI_FLASH_Init)
    SPI_FLASH_Mode_Init                      0x0800599d   Thumb Code    56  bsp_spi_flash.o(i.SPI_FLASH_Mode_Init)
    SPI_FLASH_PageWrite                      0x080059d5   Thumb Code   108  bsp_spi_flash.o(i.SPI_FLASH_PageWrite)
    SPI_FLASH_ReadDeviceID                   0x08005a75   Thumb Code    54  bsp_spi_flash.o(i.SPI_FLASH_ReadDeviceID)
    SPI_FLASH_ReadID                         0x08005aab   Thumb Code    72  bsp_spi_flash.o(i.SPI_FLASH_ReadID)
    SPI_FLASH_SectorErase                    0x08005af3   Thumb Code    72  bsp_spi_flash.o(i.SPI_FLASH_SectorErase)
    SPI_FLASH_SendByte                       0x08005b3d   Thumb Code   112  bsp_spi_flash.o(i.SPI_FLASH_SendByte)
    SPI_FLASH_TEST                           0x08005bb5   Thumb Code   164  bsp_spi_flash.o(i.SPI_FLASH_TEST)
    SPI_FLASH_WaitForWriteEnd                0x08005d4d   Thumb Code    74  bsp_spi_flash.o(i.SPI_FLASH_WaitForWriteEnd)
    SPI_FLASH_WriteEnable                    0x08005d9d   Thumb Code    24  bsp_spi_flash.o(i.SPI_FLASH_WriteEnable)
    SPI_Flash_PowerDown                      0x08005db5   Thumb Code    24  bsp_spi_flash.o(i.SPI_Flash_PowerDown)
    SPI_Flash_WAKEUP                         0x08005dcd   Thumb Code    24  bsp_spi_flash.o(i.SPI_Flash_WAKEUP)
    SVC_Handler                              0x08005e25   Thumb Code     2  stm32f4xx_it.o(i.SVC_Handler)
    Scan_Dir                                 0x08005e29   Thumb Code    70  fil_option.o(i.Scan_Dir)
    SysTick_Handler                          0x08005e89   Thumb Code     8  stm32f4xx_it.o(i.SysTick_Handler)
    SystemClock_Config                       0x08005e91   Thumb Code   170  main.o(i.SystemClock_Config)
    SystemInit                               0x08005f45   Thumb Code    14  system_stm32f4xx.o(i.SystemInit)
    TIM2_IRQHandler                          0x08005f59   Thumb Code    10  stm32f4xx_it.o(i.TIM2_IRQHandler)
    TIM_Base_SetConfig                       0x08005f69   Thumb Code   170  stm32f4xx_hal_tim.o(i.TIM_Base_SetConfig)
    TIM_ETR_SetConfig                        0x08006041   Thumb Code    22  stm32f4xx_hal_tim.o(i.TIM_ETR_SetConfig)
    USART1_IRQHandler                        0x08006571   Thumb Code    10  stm32f4xx_it.o(i.USART1_IRQHandler)
    USART2_IRQHandler                        0x08006581   Thumb Code    10  stm32f4xx_it.o(i.USART2_IRQHandler)
    USBH_AllocPipe                           0x08006591   Thumb Code    42  usbh_pipes.o(i.USBH_AllocPipe)
    USBH_BulkReceiveData                     0x080065bb   Thumb Code    42  usbh_ioreq.o(i.USBH_BulkReceiveData)
    USBH_BulkSendData                        0x080065e5   Thumb Code    52  usbh_ioreq.o(i.USBH_BulkSendData)
    USBH_ClosePipe                           0x08006619   Thumb Code    18  usbh_pipes.o(i.USBH_ClosePipe)
    USBH_ClrFeature                          0x0800662b   Thumb Code    40  usbh_ctlreq.o(i.USBH_ClrFeature)
    USBH_CtlReceiveData                      0x08006653   Thumb Code    42  usbh_ioreq.o(i.USBH_CtlReceiveData)
    USBH_CtlReq                              0x0800667d   Thumb Code    84  usbh_ctlreq.o(i.USBH_CtlReq)
    USBH_CtlSendData                         0x080066d1   Thumb Code    52  usbh_ioreq.o(i.USBH_CtlSendData)
    USBH_CtlSendSetup                        0x08006705   Thumb Code    38  usbh_ioreq.o(i.USBH_CtlSendSetup)
    USBH_Delay                               0x0800672b   Thumb Code    12  usbh_conf.o(i.USBH_Delay)
    USBH_FindInterface                       0x08006737   Thumb Code    80  usbh_core.o(i.USBH_FindInterface)
    USBH_FreePipe                            0x08006787   Thumb Code    30  usbh_pipes.o(i.USBH_FreePipe)
    USBH_GetDescriptor                       0x080067a5   Thumb Code    74  usbh_ctlreq.o(i.USBH_GetDescriptor)
    USBH_GetNextDesc                         0x08006817   Thumb Code    18  usbh_ctlreq.o(i.USBH_GetNextDesc)
    USBH_Get_CfgDesc                         0x08006829   Thumb Code    46  usbh_ctlreq.o(i.USBH_Get_CfgDesc)
    USBH_Get_DevDesc                         0x08006857   Thumb Code    46  usbh_ctlreq.o(i.USBH_Get_DevDesc)
    USBH_Get_StringDesc                      0x08006885   Thumb Code    54  usbh_ctlreq.o(i.USBH_Get_StringDesc)
    USBH_Get_USB_Status                      0x080068bb   Thumb Code    44  usbh_conf.o(i.USBH_Get_USB_Status)
    USBH_Init                                0x08006d99   Thumb Code    72  usbh_core.o(i.USBH_Init)
    USBH_LL_ClosePipe                        0x08006de1   Thumb Code    38  usbh_conf.o(i.USBH_LL_ClosePipe)
    USBH_LL_Connect                          0x08006e07   Thumb Code    22  usbh_core.o(i.USBH_LL_Connect)
    USBH_LL_Disconnect                       0x08006e1d   Thumb Code    46  usbh_core.o(i.USBH_LL_Disconnect)
    USBH_LL_DriverVBUS                       0x08006e4b   Thumb Code    30  usbh_conf.o(i.USBH_LL_DriverVBUS)
    USBH_LL_GetLastXferSize                  0x08006e69   Thumb Code    18  usbh_conf.o(i.USBH_LL_GetLastXferSize)
    USBH_LL_GetSpeed                         0x08006e7b   Thumb Code    48  usbh_conf.o(i.USBH_LL_GetSpeed)
    USBH_LL_GetToggle                        0x08006eab   Thumb Code    70  usbh_conf.o(i.USBH_LL_GetToggle)
    USBH_LL_GetURBState                      0x08006ef1   Thumb Code    18  usbh_conf.o(i.USBH_LL_GetURBState)
    USBH_LL_IncTimer                         0x08006f03   Thumb Code    22  usbh_core.o(i.USBH_LL_IncTimer)
    USBH_LL_Init                             0x08006f19   Thumb Code    82  usbh_conf.o(i.USBH_LL_Init)
    USBH_LL_OpenPipe                         0x08006f71   Thumb Code    64  usbh_conf.o(i.USBH_LL_OpenPipe)
    USBH_LL_PortDisabled                     0x08006fb1   Thumb Code     8  usbh_core.o(i.USBH_LL_PortDisabled)
    USBH_LL_PortEnabled                      0x08006fb9   Thumb Code     8  usbh_core.o(i.USBH_LL_PortEnabled)
    USBH_LL_ResetPort                        0x08006fc1   Thumb Code    30  usbh_conf.o(i.USBH_LL_ResetPort)
    USBH_LL_SetTimer                         0x08006fdf   Thumb Code     6  usbh_core.o(i.USBH_LL_SetTimer)
    USBH_LL_SetToggle                        0x08006fe5   Thumb Code    70  usbh_conf.o(i.USBH_LL_SetToggle)
    USBH_LL_Start                            0x0800702b   Thumb Code    30  usbh_conf.o(i.USBH_LL_Start)
    USBH_LL_Stop                             0x08007049   Thumb Code    30  usbh_conf.o(i.USBH_LL_Stop)
    USBH_LL_SubmitURB                        0x08007067   Thumb Code    64  usbh_conf.o(i.USBH_LL_SubmitURB)
    USBH_MSC_BOT_Init                        0x080070e5   Thumb Code    30  usbh_msc_bot.o(i.USBH_MSC_BOT_Init)
    USBH_MSC_BOT_Process                     0x0800710d   Thumb Code   622  usbh_msc_bot.o(i.USBH_MSC_BOT_Process)
    USBH_MSC_BOT_REQ_GetMaxLUN               0x0800737b   Thumb Code    36  usbh_msc_bot.o(i.USBH_MSC_BOT_REQ_GetMaxLUN)
    USBH_MSC_BOT_REQ_Reset                   0x0800739f   Thumb Code    32  usbh_msc_bot.o(i.USBH_MSC_BOT_REQ_Reset)
    USBH_MSC_GetLUNInfo                      0x080074b5   Thumb Code    56  usbh_msc.o(i.USBH_MSC_GetLUNInfo)
    USBH_MSC_IsReady                         0x080076e9   Thumb Code    28  usbh_msc.o(i.USBH_MSC_IsReady)
    USBH_MSC_Read                            0x08007d33   Thumb Code   156  usbh_msc.o(i.USBH_MSC_Read)
    USBH_MSC_SCSI_Inquiry                    0x08007dcf   Thumb Code   256  usbh_msc_scsi.o(i.USBH_MSC_SCSI_Inquiry)
    USBH_MSC_SCSI_Read                       0x08007ecf   Thumb Code   166  usbh_msc_scsi.o(i.USBH_MSC_SCSI_Read)
    USBH_MSC_SCSI_ReadCapacity               0x08007f75   Thumb Code   168  usbh_msc_scsi.o(i.USBH_MSC_SCSI_ReadCapacity)
    USBH_MSC_SCSI_RequestSense               0x0800801d   Thumb Code   178  usbh_msc_scsi.o(i.USBH_MSC_SCSI_RequestSense)
    USBH_MSC_SCSI_TestUnitReady              0x080080cf   Thumb Code    98  usbh_msc_scsi.o(i.USBH_MSC_SCSI_TestUnitReady)
    USBH_MSC_SCSI_Write                      0x08008131   Thumb Code   166  usbh_msc_scsi.o(i.USBH_MSC_SCSI_Write)
    USBH_MSC_UnitIsReady                     0x080081dd   Thumb Code    44  usbh_msc.o(i.USBH_MSC_UnitIsReady)
    USBH_MSC_Write                           0x08008209   Thumb Code   156  usbh_msc.o(i.USBH_MSC_Write)
    USBH_OpenPipe                            0x080082a5   Thumb Code    42  usbh_pipes.o(i.USBH_OpenPipe)
    USBH_Process                             0x0800847d   Thumb Code   712  usbh_core.o(i.USBH_Process)
    USBH_RegisterClass                       0x08008745   Thumb Code    50  usbh_core.o(i.USBH_RegisterClass)
    USBH_SelectInterface                     0x08008777   Thumb Code    40  usbh_core.o(i.USBH_SelectInterface)
    USBH_SetAddress                          0x0800879f   Thumb Code    40  usbh_ctlreq.o(i.USBH_SetAddress)
    USBH_SetCfg                              0x080087c7   Thumb Code    40  usbh_ctlreq.o(i.USBH_SetCfg)
    USBH_SetFeature                          0x080087ef   Thumb Code    40  usbh_ctlreq.o(i.USBH_SetFeature)
    USBH_Start                               0x08008817   Thumb Code    22  usbh_core.o(i.USBH_Start)
    USBH_initialize                          0x08008b69   Thumb Code     4  usbh_diskio.o(i.USBH_initialize)
    USBH_ioctl                               0x08008b6d   Thumb Code   198  usbh_diskio.o(i.USBH_ioctl)
    USBH_read                                0x08008c6d   Thumb Code   108  usbh_diskio.o(i.USBH_read)
    USBH_status                              0x08008cdd   Thumb Code    34  usbh_diskio.o(i.USBH_status)
    USBH_write                               0x08008d05   Thumb Code   122  usbh_diskio.o(i.USBH_write)
    USB_CoreInit                             0x08008d85   Thumb Code   128  stm32f4xx_ll_usb.o(i.USB_CoreInit)
    USB_DisableGlobalInt                     0x08008e5d   Thumb Code    14  stm32f4xx_ll_usb.o(i.USB_DisableGlobalInt)
    USB_DoPing                               0x08008e6d   Thumb Code    64  stm32f4xx_ll_usb.o(i.USB_DoPing)
    USB_DriveVbus                            0x08008eb1   Thumb Code    74  stm32f4xx_ll_usb.o(i.USB_DriveVbus)
    USB_EnableGlobalInt                      0x08008efb   Thumb Code    14  stm32f4xx_ll_usb.o(i.USB_EnableGlobalInt)
    USB_FlushRxFifo                          0x08008f09   Thumb Code    44  stm32f4xx_ll_usb.o(i.USB_FlushRxFifo)
    USB_FlushTxFifo                          0x08008f39   Thumb Code    48  stm32f4xx_ll_usb.o(i.USB_FlushTxFifo)
    USB_GetCurrentFrame                      0x08008f6d   Thumb Code    14  stm32f4xx_ll_usb.o(i.USB_GetCurrentFrame)
    USB_GetHostSpeed                         0x08008f7b   Thumb Code    24  stm32f4xx_ll_usb.o(i.USB_GetHostSpeed)
    USB_GetMode                              0x08008f93   Thumb Code    10  stm32f4xx_ll_usb.o(i.USB_GetMode)
    USB_HC_Halt                              0x08008f9d   Thumb Code   432  stm32f4xx_ll_usb.o(i.USB_HC_Halt)
    USB_HC_Init                              0x0800914d   Thumb Code   420  stm32f4xx_ll_usb.o(i.USB_HC_Init)
    USB_HC_ReadInterrupt                     0x080092f1   Thumb Code    14  stm32f4xx_ll_usb.o(i.USB_HC_ReadInterrupt)
    USB_HC_StartXfer                         0x08009301   Thumb Code   458  stm32f4xx_ll_usb.o(i.USB_HC_StartXfer)
    USB_HostInit                             0x080094d1   Thumb Code   220  stm32f4xx_ll_usb.o(i.USB_HostInit)
    USB_InitFSLSPClkSel                      0x080095c1   Thumb Code    68  stm32f4xx_ll_usb.o(i.USB_InitFSLSPClkSel)
    USB_ReadInterrupts                       0x08009605   Thumb Code    10  stm32f4xx_ll_usb.o(i.USB_ReadInterrupts)
    USB_ReadPacket                           0x0800960f   Thumb Code    96  stm32f4xx_ll_usb.o(i.USB_ReadPacket)
    USB_ResetPort                            0x0800966f   Thumb Code    60  stm32f4xx_ll_usb.o(i.USB_ResetPort)
    USB_SetCurrentMode                       0x080096ab   Thumb Code   104  stm32f4xx_ll_usb.o(i.USB_SetCurrentMode)
    USB_StopHost                             0x08009713   Thumb Code   180  stm32f4xx_ll_usb.o(i.USB_StopHost)
    USB_WritePacket                          0x080097c7   Thumb Code    68  stm32f4xx_ll_usb.o(i.USB_WritePacket)
    UsageFault_Handler                       0x0800980b   Thumb Code     4  stm32f4xx_it.o(i.UsageFault_Handler)
    __0printf$5                              0x08009811   Thumb Code    22  printf5.o(i.__0printf$5)
    __1printf$5                              0x08009811   Thumb Code     0  printf5.o(i.__0printf$5)
    __2printf                                0x08009811   Thumb Code     0  printf5.o(i.__0printf$5)
    __scatterload_copy                       0x08009869   Thumb Code    14  handlers.o(i.__scatterload_copy)
    __scatterload_null                       0x08009877   Thumb Code     2  handlers.o(i.__scatterload_null)
    __scatterload_zeroinit                   0x08009879   Thumb Code    14  handlers.o(i.__scatterload_zeroinit)
    disk_initialize                          0x0800a231   Thumb Code    38  diskio.o(i.disk_initialize)
    disk_ioctl                               0x0800a257   Thumb Code    50  diskio.o(i.disk_ioctl)
    disk_read                                0x0800a289   Thumb Code    54  diskio.o(i.disk_read)
    disk_status                              0x0800a2bf   Thumb Code    38  diskio.o(i.disk_status)
    disk_write                               0x0800a2e5   Thumb Code    54  diskio.o(i.disk_write)
    f_close                                  0x0800a31b   Thumb Code    34  ff.o(i.f_close)
    f_mount                                  0x0800a33d   Thumb Code    80  ff.o(i.f_mount)
    f_open                                   0x0800a391   Thumb Code   494  ff.o(i.f_open)
    f_opendir                                0x0800a57f   Thumb Code   108  ff.o(i.f_opendir)
    f_read                                   0x0800a5eb   Thumb Code   412  ff.o(i.f_read)
    f_readdir                                0x0800a787   Thumb Code    78  ff.o(i.f_readdir)
    f_sync                                   0x0800a7d5   Thumb Code   160  ff.o(i.f_sync)
    f_write                                  0x0800a875   Thumb Code   478  ff.o(i.f_write)
    fputc                                    0x0800ab69   Thumb Code    22  usart.o(i.fputc)
    free                                     0x0800ab85   Thumb Code    76  malloc.o(i.free)
    get_fattime                              0x0800acb5   Thumb Code     4  diskio.o(i.get_fattime)
    main                                     0x0800ade5   Thumb Code    84  main.o(i.main)
    malloc                                   0x0800ae3d   Thumb Code    92  malloc.o(i.malloc)
    read_write_flie                          0x0800b2bd   Thumb Code   218  fil_option.o(i.read_write_flie)
    AHBPrescTable                            0x0800b732   Data          16  system_stm32f4xx.o(.constdata)
    APBPrescTable                            0x0800b742   Data           8  system_stm32f4xx.o(.constdata)
    Font24_Table                             0x0800b74c   Data        6840  bsp_lcd.o(.constdata)
    Font20_Table                             0x0800d204   Data        3800  bsp_lcd.o(.constdata)
    Font16_Table                             0x0800e0dc   Data        3040  bsp_lcd.o(.constdata)
    Font12_Table                             0x0800ecbc   Data        1140  bsp_lcd.o(.constdata)
    Font8_Table                              0x0800f130   Data         760  bsp_lcd.o(.constdata)
    Region$$Table$$Base                      0x0800f490   Number         0  anon$$obj.o(Region$$Table)
    Region$$Table$$Limit                     0x0800f4b0   Number         0  anon$$obj.o(Region$$Table)
    tim2Cnt                                  0x20000008   Data           2  tim.o(.data)
    uwTick                                   0x2000000c   Data           4  stm32f4xx_hal.o(.data)
    uwTickPrio                               0x20000010   Data           4  stm32f4xx_hal.o(.data)
    uwTickFreq                               0x20000014   Data           1  stm32f4xx_hal.o(.data)
    SystemCoreClock                          0x20000018   Data           4  system_stm32f4xx.o(.data)
    Font24                                   0x2000001c   Data           8  bsp_lcd.o(.data)
    Font20                                   0x20000024   Data           8  bsp_lcd.o(.data)
    Font16                                   0x2000002c   Data           8  bsp_lcd.o(.data)
    Font12                                   0x20000034   Data           8  bsp_lcd.o(.data)
    Font8                                    0x2000003c   Data           8  bsp_lcd.o(.data)
    Tx_Buffer                                0x2000005c   Data          57  bsp_spi_flash.o(.data)
    Appli_state                              0x20000098   Data           1  usb_host.o(.data)
    USBH_msc                                 0x2000009c   Data          32  usbh_msc.o(.data)
    file                                     0x200000bc   Data           4  fil_option.o(.data)
    ftemp                                    0x200000c0   Data           4  fil_option.o(.data)
    br                                       0x200000c4   Data           4  fil_option.o(.data)
    bw                                       0x200000c8   Data           4  fil_option.o(.data)
    fatbuf                                   0x200000cc   Data           4  fil_option.o(.data)
    __stdout                                 0x200000d0   Data           4  stdout.o(.data)
    __microlib_freelist                      0x200000d4   Data           4  mvars.o(.data)
    __microlib_freelist_initialised          0x200000d8   Data           4  mvars.o(.data)
    hdma2d                                   0x200000dc   Data          64  dma2d.o(.bss)
    hsdram1                                  0x2000011c   Data          52  fmc.o(.bss)
    hltdc                                    0x20000150   Data         168  ltdc.o(.bss)
    hspi1                                    0x200001f8   Data          88  spi.o(.bss)
    htim2                                    0x20000250   Data          72  tim.o(.bss)
    huart1                                   0x20000298   Data          68  usart.o(.bss)
    huart2                                   0x200002dc   Data          68  usart.o(.bss)
    Rx_Buffer                                0x20000378   Data          56  bsp_spi_flash.o(.bss)
    hUsbHostFS                               0x200003c0   Data         984  usb_host.o(.bss)
    hhcd_USB_OTG_FS                          0x20000798   Data         772  usbh_conf.o(.bss)
    fs                                       0x20000a9c   Data          16  fil_option.o(.bss)
    fileinfo                                 0x20000aac   Data          24  fil_option.o(.bss)
    dir                                      0x20000ac4   Data          44  fil_option.o(.bss)
    __heap_base                              0x20000af0   Data           0  startup_stm32f429xx.o(HEAP)
    __heap_limit                             0x20004af0   Data           0  startup_stm32f429xx.o(HEAP)
    __initial_sp                             0x20008af0   Data           0  startup_stm32f429xx.o(STACK)
    pbuff                                    0xc0000000   Data       33554432  bsp_sdram.o(.ARM.__AT_0xC0000000)



==============================================================================

Memory Map of the image

  Image Entry point : 0x080001ad

  Load Region LR_IROM1 (Base: 0x08000000, Size: 0x0000f58c, Max: 0x00100000, ABSOLUTE)

    Execution Region ER_IROM1 (Exec base: 0x08000000, Load base: 0x08000000, Size: 0x0000f4b0, Max: 0x00100000, ABSOLUTE)

    Exec Addr    Load Addr    Size         Type   Attr      Idx    E Section Name        Object

    0x08000000   0x08000000   0x000001ac   Data   RO            3    RESET               startup_stm32f429xx.o
    0x080001ac   0x080001ac   0x00000000   Code   RO         7033  * .ARM.Collect$$$$00000000  mc_w.l(entry.o)
    0x080001ac   0x080001ac   0x00000004   Code   RO         7341    .ARM.Collect$$$$00000001  mc_w.l(entry2.o)
    0x080001b0   0x080001b0   0x00000004   Code   RO         7344    .ARM.Collect$$$$00000004  mc_w.l(entry5.o)
    0x080001b4   0x080001b4   0x00000000   Code   RO         7346    .ARM.Collect$$$$00000008  mc_w.l(entry7b.o)
    0x080001b4   0x080001b4   0x00000000   Code   RO         7348    .ARM.Collect$$$$0000000A  mc_w.l(entry8b.o)
    0x080001b4   0x080001b4   0x00000008   Code   RO         7349    .ARM.Collect$$$$0000000B  mc_w.l(entry9a.o)
    0x080001bc   0x080001bc   0x00000004   Code   RO         7356    .ARM.Collect$$$$0000000E  mc_w.l(entry12b.o)
    0x080001c0   0x080001c0   0x00000000   Code   RO         7351    .ARM.Collect$$$$0000000F  mc_w.l(entry10a.o)
    0x080001c0   0x080001c0   0x00000000   Code   RO         7353    .ARM.Collect$$$$00000011  mc_w.l(entry11a.o)
    0x080001c0   0x080001c0   0x00000004   Code   RO         7342    .ARM.Collect$$$$00002712  mc_w.l(entry2.o)
    0x080001c4   0x080001c4   0x00000024   Code   RO            4    .text               startup_stm32f429xx.o
    0x080001e8   0x080001e8   0x00000062   Code   RO         7036    .text               mc_w.l(uldiv.o)
    0x0800024a   0x0800024a   0x00000024   Code   RO         7038    .text               mc_w.l(memcpya.o)
    0x0800026e   0x0800026e   0x00000024   Code   RO         7040    .text               mc_w.l(memseta.o)
    0x08000292   0x08000292   0x00000014   Code   RO         7044    .text               mc_w.l(strchr.o)
    0x080002a6   0x080002a6   0x0000001a   Code   RO         7048    .text               mc_w.l(memcmp.o)
    0x080002c0   0x080002c0   0x0000001e   Code   RO         7360    .text               mc_w.l(llshl.o)
    0x080002de   0x080002de   0x00000020   Code   RO         7362    .text               mc_w.l(llushr.o)
    0x080002fe   0x080002fe   0x00000002   PAD
    0x08000300   0x08000300   0x00000024   Code   RO         7377    .text               mc_w.l(init.o)
    0x08000324   0x08000324   0x00000024   Code   RO         5533    i.Buffercmp         bsp_spi_flash.o
    0x08000348   0x08000348   0x00000004   Code   RO          568    i.BusFault_Handler  stm32f4xx_it.o
    0x0800034c   0x0800034c   0x000000e6   Code   RO         2460    i.DMA2D_SetConfig   stm32f4xx_hal_dma2d.o
    0x08000432   0x08000432   0x0000005e   Code   RO         6336    i.DeInitStateMachine  usbh_core.o
    0x08000490   0x08000490   0x00000002   Code   RO          569    i.DebugMon_Handler  stm32f4xx_it.o
    0x08000492   0x08000492   0x00000006   Code   RO           13    i.Error_Handler     main.o
    0x08000498   0x08000498   0x00000074   Code   RO         2689    i.FMC_SDRAM_Init    stm32f4xx_ll_fmc.o
    0x0800050c   0x0800050c   0x0000000e   Code   RO         2690    i.FMC_SDRAM_ProgramRefreshRate  stm32f4xx_ll_fmc.o
    0x0800051a   0x0800051a   0x00000052   Code   RO         2691    i.FMC_SDRAM_SendCommand  stm32f4xx_ll_fmc.o
    0x0800056c   0x0800056c   0x0000009c   Code   RO         2693    i.FMC_SDRAM_Timing_Init  stm32f4xx_ll_fmc.o
    0x08000608   0x08000608   0x00000002   Code   RO          570    i.FPU_IRQHandler    stm32f4xx_it.o
    0x0800060a   0x0800060a   0x00000002   PAD
    0x0800060c   0x0800060c   0x0000007c   Code   RO         6909    i.FilFuns_Init      fil_option.o
    0x08000688   0x08000688   0x000000cc   Code   RO         2474    i.HAL_DMA2D_ConfigLayer  stm32f4xx_hal_dma2d.o
    0x08000754   0x08000754   0x00000008   Code   RO         2480    i.HAL_DMA2D_GetState  stm32f4xx_hal_dma2d.o
    0x0800075c   0x0800075c   0x00000060   Code   RO         2482    i.HAL_DMA2D_Init    stm32f4xx_hal_dma2d.o
    0x080007bc   0x080007bc   0x00000020   Code   RO          286    i.HAL_DMA2D_MspDeInit  dma2d.o
    0x080007dc   0x080007dc   0x00000034   Code   RO          287    i.HAL_DMA2D_MspInit  dma2d.o
    0x08000810   0x08000810   0x00000166   Code   RO         2486    i.HAL_DMA2D_PollForTransfer  stm32f4xx_hal_dma2d.o
    0x08000976   0x08000976   0x0000004e   Code   RO         2489    i.HAL_DMA2D_Start   stm32f4xx_hal_dma2d.o
    0x080009c4   0x080009c4   0x000000ac   Code   RO         1755    i.HAL_DMA_Abort     stm32f4xx_hal_dma.o
    0x08000a70   0x08000a70   0x00000028   Code   RO         1756    i.HAL_DMA_Abort_IT  stm32f4xx_hal_dma.o
    0x08000a98   0x08000a98   0x00000028   Code   RO         2197    i.HAL_Delay         stm32f4xx_hal.o
    0x08000ac0   0x08000ac0   0x000000f0   Code   RO          329    i.HAL_FMC_MspInit   fmc.o
    0x08000bb0   0x08000bb0   0x0000020c   Code   RO         1648    i.HAL_GPIO_Init     stm32f4xx_hal_gpio.o
    0x08000dbc   0x08000dbc   0x00000014   Code   RO         1651    i.HAL_GPIO_TogglePin  stm32f4xx_hal_gpio.o
    0x08000dd0   0x08000dd0   0x0000000c   Code   RO         1652    i.HAL_GPIO_WritePin  stm32f4xx_hal_gpio.o
    0x08000ddc   0x08000ddc   0x0000000c   Code   RO         2205    i.HAL_GetTick       stm32f4xx_hal.o
    0x08000de8   0x08000de8   0x0000000e   Code   RO         6134    i.HAL_HCD_Connect_Callback  usbh_conf.o
    0x08000df6   0x08000df6   0x0000000e   Code   RO         6135    i.HAL_HCD_Disconnect_Callback  usbh_conf.o
    0x08000e04   0x08000e04   0x0000000c   Code   RO          707    i.HAL_HCD_GetCurrentFrame  stm32f4xx_hal_hcd.o
    0x08000e10   0x08000e10   0x0000000c   Code   RO          708    i.HAL_HCD_GetCurrentSpeed  stm32f4xx_hal_hcd.o
    0x08000e1c   0x08000e1c   0x00000018   Code   RO          711    i.HAL_HCD_HC_GetURBState  stm32f4xx_hal_hcd.o
    0x08000e34   0x08000e34   0x00000016   Code   RO          712    i.HAL_HCD_HC_GetXferCount  stm32f4xx_hal_hcd.o
    0x08000e4a   0x08000e4a   0x00000034   Code   RO          713    i.HAL_HCD_HC_Halt   stm32f4xx_hal_hcd.o
    0x08000e7e   0x08000e7e   0x00000106   Code   RO          714    i.HAL_HCD_HC_Init   stm32f4xx_hal_hcd.o
    0x08000f84   0x08000f84   0x00000002   Code   RO         6136    i.HAL_HCD_HC_NotifyURBChange_Callback  usbh_conf.o
    0x08000f86   0x08000f86   0x000002a4   Code   RO          716    i.HAL_HCD_HC_SubmitRequest  stm32f4xx_hal_hcd.o
    0x0800122a   0x0800122a   0x00000178   Code   RO          717    i.HAL_HCD_IRQHandler  stm32f4xx_hal_hcd.o
    0x080013a2   0x080013a2   0x00000074   Code   RO          718    i.HAL_HCD_Init      stm32f4xx_hal_hcd.o
    0x08001416   0x08001416   0x00000002   PAD
    0x08001418   0x08001418   0x000000bc   Code   RO         6138    i.HAL_HCD_MspInit   usbh_conf.o
    0x080014d4   0x080014d4   0x0000000e   Code   RO         6139    i.HAL_HCD_PortDisabled_Callback  usbh_conf.o
    0x080014e2   0x080014e2   0x0000000e   Code   RO         6140    i.HAL_HCD_PortEnabled_Callback  usbh_conf.o
    0x080014f0   0x080014f0   0x0000000c   Code   RO          723    i.HAL_HCD_ResetPort  stm32f4xx_hal_hcd.o
    0x080014fc   0x080014fc   0x0000000e   Code   RO         6141    i.HAL_HCD_SOF_Callback  usbh_conf.o
    0x0800150a   0x0800150a   0x00000036   Code   RO          725    i.HAL_HCD_Start     stm32f4xx_hal_hcd.o
    0x08001540   0x08001540   0x0000002e   Code   RO          726    i.HAL_HCD_Stop      stm32f4xx_hal_hcd.o
    0x0800156e   0x0800156e   0x00000002   PAD
    0x08001570   0x08001570   0x00000018   Code   RO         2211    i.HAL_IncTick       stm32f4xx_hal.o
    0x08001588   0x08001588   0x0000003c   Code   RO         2212    i.HAL_Init          stm32f4xx_hal.o
    0x080015c4   0x080015c4   0x0000004c   Code   RO         2213    i.HAL_InitTick      stm32f4xx_hal.o
    0x08001610   0x08001610   0x0000005e   Code   RO         3008    i.HAL_LTDC_ConfigLayer  stm32f4xx_hal_ltdc.o
    0x0800166e   0x0800166e   0x00000002   Code   RO         3021    i.HAL_LTDC_ErrorCallback  stm32f4xx_hal_ltdc.o
    0x08001670   0x08001670   0x000000f4   Code   RO         3024    i.HAL_LTDC_IRQHandler  stm32f4xx_hal_ltdc.o
    0x08001764   0x08001764   0x00000118   Code   RO         3025    i.HAL_LTDC_Init     stm32f4xx_hal_ltdc.o
    0x0800187c   0x0800187c   0x00000034   Code   RO         5138    i.HAL_LTDC_LineEventCallback  bsp_lcd.o
    0x080018b0   0x080018b0   0x000001f0   Code   RO          382    i.HAL_LTDC_MspInit  ltdc.o
    0x08001aa0   0x08001aa0   0x00000054   Code   RO         3029    i.HAL_LTDC_ProgramLineEvent  stm32f4xx_hal_ltdc.o
    0x08001af4   0x08001af4   0x0000002c   Code   RO         5139    i.HAL_LTDC_ReloadEventCallback  bsp_lcd.o
    0x08001b20   0x08001b20   0x0000005c   Code   RO         3034    i.HAL_LTDC_SetAlpha  stm32f4xx_hal_ltdc.o
    0x08001b7c   0x08001b7c   0x00000058   Code   RO          680    i.HAL_MspInit       stm32f4xx_hal_msp.o
    0x08001bd4   0x08001bd4   0x00000020   Code   RO         2055    i.HAL_NVIC_EnableIRQ  stm32f4xx_hal_cortex.o
    0x08001bf4   0x08001bf4   0x0000007c   Code   RO         2061    i.HAL_NVIC_SetPriority  stm32f4xx_hal_cortex.o
    0x08001c70   0x08001c70   0x00000028   Code   RO         2062    i.HAL_NVIC_SetPriorityGrouping  stm32f4xx_hal_cortex.o
    0x08001c98   0x08001c98   0x00000304   Code   RO         1299    i.HAL_RCCEx_PeriphCLKConfig  stm32f4xx_hal_rcc_ex.o
    0x08001f9c   0x08001f9c   0x00000184   Code   RO         1192    i.HAL_RCC_ClockConfig  stm32f4xx_hal_rcc.o
    0x08002120   0x08002120   0x0000000c   Code   RO         1197    i.HAL_RCC_GetHCLKFreq  stm32f4xx_hal_rcc.o
    0x0800212c   0x0800212c   0x00000020   Code   RO         1199    i.HAL_RCC_GetPCLK1Freq  stm32f4xx_hal_rcc.o
    0x0800214c   0x0800214c   0x00000020   Code   RO         1200    i.HAL_RCC_GetPCLK2Freq  stm32f4xx_hal_rcc.o
    0x0800216c   0x0800216c   0x000000b0   Code   RO         1201    i.HAL_RCC_GetSysClockFreq  stm32f4xx_hal_rcc.o
    0x0800221c   0x0800221c   0x0000049c   Code   RO         1204    i.HAL_RCC_OscConfig  stm32f4xx_hal_rcc.o
    0x080026b8   0x080026b8   0x00000040   Code   RO         2855    i.HAL_SDRAM_Init    stm32f4xx_hal_sdram.o
    0x080026f8   0x080026f8   0x0000000a   Code   RO          331    i.HAL_SDRAM_MspInit  fmc.o
    0x08002702   0x08002702   0x00000028   Code   RO         2858    i.HAL_SDRAM_ProgramRefreshRate  stm32f4xx_hal_sdram.o
    0x0800272a   0x0800272a   0x0000003a   Code   RO         2864    i.HAL_SDRAM_SendCommand  stm32f4xx_hal_sdram.o
    0x08002764   0x08002764   0x000000c8   Code   RO         3309    i.HAL_SPI_Init      stm32f4xx_hal_spi.o
    0x0800282c   0x0800282c   0x00000198   Code   RO         5534    i.HAL_SPI_MspInit   bsp_spi_flash.o
    0x080029c4   0x080029c4   0x00000034   Code   RO         2066    i.HAL_SYSTICK_Config  stm32f4xx_hal_cortex.o
    0x080029f8   0x080029f8   0x00000002   Code   RO         4337    i.HAL_TIMEx_BreakCallback  stm32f4xx_hal_tim_ex.o
    0x080029fa   0x080029fa   0x00000002   Code   RO         4338    i.HAL_TIMEx_CommutCallback  stm32f4xx_hal_tim_ex.o
    0x080029fc   0x080029fc   0x000000b4   Code   RO         4356    i.HAL_TIMEx_MasterConfigSynchronization  stm32f4xx_hal_tim_ex.o
    0x08002ab0   0x08002ab0   0x00000066   Code   RO         3622    i.HAL_TIM_Base_Init  stm32f4xx_hal_tim.o
    0x08002b16   0x08002b16   0x00000002   PAD
    0x08002b18   0x08002b18   0x00000044   Code   RO          454    i.HAL_TIM_Base_MspInit  tim.o
    0x08002b5c   0x08002b5c   0x000000a8   Code   RO         3627    i.HAL_TIM_Base_Start_IT  stm32f4xx_hal_tim.o
    0x08002c04   0x08002c04   0x0000010c   Code   RO         3631    i.HAL_TIM_ConfigClockSource  stm32f4xx_hal_tim.o
    0x08002d10   0x08002d10   0x00000002   Code   RO         3656    i.HAL_TIM_IC_CaptureCallback  stm32f4xx_hal_tim.o
    0x08002d12   0x08002d12   0x00000196   Code   RO         3670    i.HAL_TIM_IRQHandler  stm32f4xx_hal_tim.o
    0x08002ea8   0x08002ea8   0x00000002   Code   RO         3673    i.HAL_TIM_OC_DelayElapsedCallback  stm32f4xx_hal_tim.o
    0x08002eaa   0x08002eaa   0x00000002   Code   RO         3700    i.HAL_TIM_PWM_PulseFinishedCallback  stm32f4xx_hal_tim.o
    0x08002eac   0x08002eac   0x0000003c   Code   RO          455    i.HAL_TIM_PeriodElapsedCallback  tim.o
    0x08002ee8   0x08002ee8   0x00000002   Code   RO         3713    i.HAL_TIM_TriggerCallback  stm32f4xx_hal_tim.o
    0x08002eea   0x08002eea   0x00000002   Code   RO         4615    i.HAL_UARTEx_RxEventCallback  stm32f4xx_hal_uart.o
    0x08002eec   0x08002eec   0x00000002   Code   RO         4629    i.HAL_UART_ErrorCallback  stm32f4xx_hal_uart.o
    0x08002eee   0x08002eee   0x00000002   PAD
    0x08002ef0   0x08002ef0   0x000002e0   Code   RO         4632    i.HAL_UART_IRQHandler  stm32f4xx_hal_uart.o
    0x080031d0   0x080031d0   0x00000072   Code   RO         4633    i.HAL_UART_Init     stm32f4xx_hal_uart.o
    0x08003242   0x08003242   0x00000002   PAD
    0x08003244   0x08003244   0x00000158   Code   RO          503    i.HAL_UART_MspInit  usart.o
    0x0800339c   0x0800339c   0x00000002   Code   RO         4639    i.HAL_UART_RxCpltCallback  stm32f4xx_hal_uart.o
    0x0800339e   0x0800339e   0x000000d2   Code   RO         4641    i.HAL_UART_Transmit  stm32f4xx_hal_uart.o
    0x08003470   0x08003470   0x00000002   Code   RO         4644    i.HAL_UART_TxCpltCallback  stm32f4xx_hal_uart.o
    0x08003472   0x08003472   0x00000762   Code   RO          728    i.HCD_HC_IN_IRQHandler  stm32f4xx_hal_hcd.o
    0x08003bd4   0x08003bd4   0x00000746   Code   RO          729    i.HCD_HC_OUT_IRQHandler  stm32f4xx_hal_hcd.o
    0x0800431a   0x0800431a   0x000000b6   Code   RO          730    i.HCD_Port_IRQHandler  stm32f4xx_hal_hcd.o
    0x080043d0   0x080043d0   0x00000184   Code   RO          731    i.HCD_RXQLVL_IRQHandler  stm32f4xx_hal_hcd.o
    0x08004554   0x08004554   0x00000004   Code   RO          571    i.HardFault_Handler  stm32f4xx_it.o
    0x08004558   0x08004558   0x00000040   Code   RO         5140    i.LCD_Clear         bsp_lcd.o
    0x08004598   0x08004598   0x00000038   Code   RO         5145    i.LCD_DisplayOff    bsp_lcd.o
    0x080045d0   0x080045d0   0x00000038   Code   RO         5146    i.LCD_DisplayOn     bsp_lcd.o
    0x08004608   0x08004608   0x000005c0   Code   RO         5164    i.LCD_GPIO_Config   bsp_lcd.o
    0x08004bc8   0x08004bc8   0x00000020   Code   RO         5171    i.LCD_GetXSize      bsp_lcd.o
    0x08004be8   0x08004be8   0x00000020   Code   RO         5172    i.LCD_GetYSize      bsp_lcd.o
    0x08004c08   0x08004c08   0x000000f4   Code   RO         5173    i.LCD_Init          bsp_lcd.o
    0x08004cfc   0x08004cfc   0x000000b8   Code   RO         5174    i.LCD_LayerInit     bsp_lcd.o
    0x08004db4   0x08004db4   0x0000001c   Code   RO         5179    i.LCD_SelectLayer   bsp_lcd.o
    0x08004dd0   0x08004dd0   0x0000001c   Code   RO         5182    i.LCD_SetFont       bsp_lcd.o
    0x08004dec   0x08004dec   0x00000018   Code   RO         5188    i.LCD_SetTransparency  bsp_lcd.o
    0x08004e04   0x08004e04   0x00000038   Code   RO         5191    i.LCD_Test          bsp_lcd.o
    0x08004e3c   0x08004e3c   0x00000048   Code   RO         5194    i.LCD_TestLayerInit  bsp_lcd.o
    0x08004e84   0x08004e84   0x0000010c   Code   RO         5196    i.LL_FillBuffer     bsp_lcd.o
    0x08004f90   0x08004f90   0x00000010   Code   RO          572    i.LTDC_IRQHandler   stm32f4xx_it.o
    0x08004fa0   0x08004fa0   0x00000210   Code   RO         3044    i.LTDC_SetConfig    stm32f4xx_hal_ltdc.o
    0x080051b0   0x080051b0   0x00000010   Code   RO          288    i.MX_DMA2D_Init     dma2d.o
    0x080051c0   0x080051c0   0x00000020   Code   RO         6312    i.MX_DriverVbusFS   usbh_platform.o
    0x080051e0   0x080051e0   0x00000084   Code   RO          332    i.MX_FMC_Init       fmc.o
    0x08005264   0x08005264   0x00000238   Code   RO          262    i.MX_GPIO_Init      gpio.o
    0x0800549c   0x0800549c   0x00000014   Code   RO          383    i.MX_LTDC_Init      ltdc.o
    0x080054b0   0x080054b0   0x00000078   Code   RO          456    i.MX_TIM2_Init      tim.o
    0x08005528   0x08005528   0x0000003c   Code   RO          504    i.MX_USART1_UART_Init  usart.o
    0x08005564   0x08005564   0x0000003c   Code   RO          505    i.MX_USART2_UART_Init  usart.o
    0x080055a0   0x080055a0   0x00000040   Code   RO         6092    i.MX_USB_HOST_Init  usb_host.o
    0x080055e0   0x080055e0   0x00000010   Code   RO         6093    i.MX_USB_HOST_Process  usb_host.o
    0x080055f0   0x080055f0   0x00000004   Code   RO          573    i.MemManage_Handler  stm32f4xx_it.o
    0x080055f4   0x080055f4   0x00000004   Code   RO          574    i.NMI_Handler       stm32f4xx_it.o
    0x080055f8   0x080055f8   0x00000010   Code   RO          575    i.OTG_FS_IRQHandler  stm32f4xx_it.o
    0x08005608   0x08005608   0x00000002   Code   RO          576    i.PendSV_Handler    stm32f4xx_it.o
    0x0800560a   0x0800560a   0x00000002   PAD
    0x0800560c   0x0800560c   0x0000006c   Code   RO         5009    i.SDRAM_EraseBank   bsp_sdram.o
    0x08005678   0x08005678   0x0000008c   Code   RO         5010    i.SDRAM_InitSequence  bsp_sdram.o
    0x08005704   0x08005704   0x0000001a   Code   RO         5016    i.SDRAM_MemSet_32b  bsp_sdram.o
    0x0800571e   0x0800571e   0x00000052   Code   RO         5535    i.SPI_FLASH_BufferRead  bsp_spi_flash.o
    0x08005770   0x08005770   0x0000010e   Code   RO         5536    i.SPI_FLASH_BufferWrite  bsp_spi_flash.o
    0x0800587e   0x0800587e   0x00000002   PAD
    0x08005880   0x08005880   0x0000005c   Code   RO         5538    i.SPI_FLASH_CS_HIGH  bsp_spi_flash.o
    0x080058dc   0x080058dc   0x00000060   Code   RO         5539    i.SPI_FLASH_CS_LOW  bsp_spi_flash.o
    0x0800593c   0x0800593c   0x00000060   Code   RO         5540    i.SPI_FLASH_Init    bsp_spi_flash.o
    0x0800599c   0x0800599c   0x00000038   Code   RO         5541    i.SPI_FLASH_Mode_Init  bsp_spi_flash.o
    0x080059d4   0x080059d4   0x000000a0   Code   RO         5542    i.SPI_FLASH_PageWrite  bsp_spi_flash.o
    0x08005a74   0x08005a74   0x00000036   Code   RO         5544    i.SPI_FLASH_ReadDeviceID  bsp_spi_flash.o
    0x08005aaa   0x08005aaa   0x00000048   Code   RO         5545    i.SPI_FLASH_ReadID  bsp_spi_flash.o
    0x08005af2   0x08005af2   0x00000048   Code   RO         5546    i.SPI_FLASH_SectorErase  bsp_spi_flash.o
    0x08005b3a   0x08005b3a   0x00000002   PAD
    0x08005b3c   0x08005b3c   0x00000078   Code   RO         5547    i.SPI_FLASH_SendByte  bsp_spi_flash.o
    0x08005bb4   0x08005bb4   0x00000198   Code   RO         5550    i.SPI_FLASH_TEST    bsp_spi_flash.o
    0x08005d4c   0x08005d4c   0x00000050   Code   RO         5551    i.SPI_FLASH_WaitForWriteEnd  bsp_spi_flash.o
    0x08005d9c   0x08005d9c   0x00000018   Code   RO         5552    i.SPI_FLASH_WriteEnable  bsp_spi_flash.o
    0x08005db4   0x08005db4   0x00000018   Code   RO         5553    i.SPI_Flash_PowerDown  bsp_spi_flash.o
    0x08005dcc   0x08005dcc   0x00000018   Code   RO         5554    i.SPI_Flash_WAKEUP  bsp_spi_flash.o
    0x08005de4   0x08005de4   0x00000040   Code   RO         5555    i.SPI_TIMEOUT_UserCallback  bsp_spi_flash.o
    0x08005e24   0x08005e24   0x00000002   Code   RO          577    i.SVC_Handler       stm32f4xx_it.o
    0x08005e26   0x08005e26   0x00000002   PAD
    0x08005e28   0x08005e28   0x00000060   Code   RO         6914    i.Scan_Dir          fil_option.o
    0x08005e88   0x08005e88   0x00000008   Code   RO          578    i.SysTick_Handler   stm32f4xx_it.o
    0x08005e90   0x08005e90   0x000000b4   Code   RO           14    i.SystemClock_Config  main.o
    0x08005f44   0x08005f44   0x00000014   Code   RO         4972    i.SystemInit        system_stm32f4xx.o
    0x08005f58   0x08005f58   0x00000010   Code   RO          579    i.TIM2_IRQHandler   stm32f4xx_it.o
    0x08005f68   0x08005f68   0x000000d8   Code   RO         3715    i.TIM_Base_SetConfig  stm32f4xx_hal_tim.o
    0x08006040   0x08006040   0x00000016   Code   RO         3726    i.TIM_ETR_SetConfig  stm32f4xx_hal_tim.o
    0x08006056   0x08006056   0x00000012   Code   RO         3727    i.TIM_ITRx_SetConfig  stm32f4xx_hal_tim.o
    0x08006068   0x08006068   0x00000026   Code   RO         3733    i.TIM_TI1_ConfigInputStage  stm32f4xx_hal_tim.o
    0x0800608e   0x0800608e   0x00000028   Code   RO         3735    i.TIM_TI2_ConfigInputStage  stm32f4xx_hal_tim.o
    0x080060b6   0x080060b6   0x00000014   Code   RO         4646    i.UART_DMAAbortOnError  stm32f4xx_hal_uart.o
    0x080060ca   0x080060ca   0x0000006c   Code   RO         4656    i.UART_EndRxTransfer  stm32f4xx_hal_uart.o
    0x08006136   0x08006136   0x00000020   Code   RO         4657    i.UART_EndTransmit_IT  stm32f4xx_hal_uart.o
    0x08006156   0x08006156   0x000000f8   Code   RO         4659    i.UART_Receive_IT   stm32f4xx_hal_uart.o
    0x0800624e   0x0800624e   0x00000002   PAD
    0x08006250   0x08006250   0x0000022c   Code   RO         4660    i.UART_SetConfig    stm32f4xx_hal_uart.o
    0x0800647c   0x0800647c   0x00000060   Code   RO         4663    i.UART_Transmit_IT  stm32f4xx_hal_uart.o
    0x080064dc   0x080064dc   0x00000092   Code   RO         4664    i.UART_WaitOnFlagUntilTimeout  stm32f4xx_hal_uart.o
    0x0800656e   0x0800656e   0x00000002   PAD
    0x08006570   0x08006570   0x00000010   Code   RO          580    i.USART1_IRQHandler  stm32f4xx_it.o
    0x08006580   0x08006580   0x00000010   Code   RO          581    i.USART2_IRQHandler  stm32f4xx_it.o
    0x08006590   0x08006590   0x0000002a   Code   RO         6663    i.USBH_AllocPipe    usbh_pipes.o
    0x080065ba   0x080065ba   0x0000002a   Code   RO         6591    i.USBH_BulkReceiveData  usbh_ioreq.o
    0x080065e4   0x080065e4   0x00000034   Code   RO         6592    i.USBH_BulkSendData  usbh_ioreq.o
    0x08006618   0x08006618   0x00000012   Code   RO         6664    i.USBH_ClosePipe    usbh_pipes.o
    0x0800662a   0x0800662a   0x00000028   Code   RO         6477    i.USBH_ClrFeature   usbh_ctlreq.o
    0x08006652   0x08006652   0x0000002a   Code   RO         6593    i.USBH_CtlReceiveData  usbh_ioreq.o
    0x0800667c   0x0800667c   0x00000054   Code   RO         6478    i.USBH_CtlReq       usbh_ctlreq.o
    0x080066d0   0x080066d0   0x00000034   Code   RO         6594    i.USBH_CtlSendData  usbh_ioreq.o
    0x08006704   0x08006704   0x00000026   Code   RO         6595    i.USBH_CtlSendSetup  usbh_ioreq.o
    0x0800672a   0x0800672a   0x0000000c   Code   RO         6142    i.USBH_Delay        usbh_conf.o
    0x08006736   0x08006736   0x00000050   Code   RO         6338    i.USBH_FindInterface  usbh_core.o
    0x08006786   0x08006786   0x0000001e   Code   RO         6665    i.USBH_FreePipe     usbh_pipes.o
    0x080067a4   0x080067a4   0x0000004a   Code   RO         6479    i.USBH_GetDescriptor  usbh_ctlreq.o
    0x080067ee   0x080067ee   0x00000028   Code   RO         6666    i.USBH_GetFreePipe  usbh_pipes.o
    0x08006816   0x08006816   0x00000012   Code   RO         6480    i.USBH_GetNextDesc  usbh_ctlreq.o
    0x08006828   0x08006828   0x0000002e   Code   RO         6481    i.USBH_Get_CfgDesc  usbh_ctlreq.o
    0x08006856   0x08006856   0x0000002e   Code   RO         6482    i.USBH_Get_DevDesc  usbh_ctlreq.o
    0x08006884   0x08006884   0x00000036   Code   RO         6483    i.USBH_Get_StringDesc  usbh_ctlreq.o
    0x080068ba   0x080068ba   0x0000002c   Code   RO         6143    i.USBH_Get_USB_Status  usbh_conf.o
    0x080068e6   0x080068e6   0x000001d4   Code   RO         6484    i.USBH_HandleControl  usbh_ctlreq.o
    0x08006aba   0x08006aba   0x000002c2   Code   RO         6341    i.USBH_HandleEnum   usbh_core.o
    0x08006d7c   0x08006d7c   0x0000001c   Code   RO         6342    i.USBH_HandleSof    usbh_core.o
    0x08006d98   0x08006d98   0x00000048   Code   RO         6343    i.USBH_Init         usbh_core.o
    0x08006de0   0x08006de0   0x00000026   Code   RO         6144    i.USBH_LL_ClosePipe  usbh_conf.o
    0x08006e06   0x08006e06   0x00000016   Code   RO         6345    i.USBH_LL_Connect   usbh_core.o
    0x08006e1c   0x08006e1c   0x0000002e   Code   RO         6346    i.USBH_LL_Disconnect  usbh_core.o
    0x08006e4a   0x08006e4a   0x0000001e   Code   RO         6146    i.USBH_LL_DriverVBUS  usbh_conf.o
    0x08006e68   0x08006e68   0x00000012   Code   RO         6147    i.USBH_LL_GetLastXferSize  usbh_conf.o
    0x08006e7a   0x08006e7a   0x00000030   Code   RO         6148    i.USBH_LL_GetSpeed  usbh_conf.o
    0x08006eaa   0x08006eaa   0x00000046   Code   RO         6149    i.USBH_LL_GetToggle  usbh_conf.o
    0x08006ef0   0x08006ef0   0x00000012   Code   RO         6150    i.USBH_LL_GetURBState  usbh_conf.o
    0x08006f02   0x08006f02   0x00000016   Code   RO         6347    i.USBH_LL_IncTimer  usbh_core.o
    0x08006f18   0x08006f18   0x00000058   Code   RO         6151    i.USBH_LL_Init      usbh_conf.o
    0x08006f70   0x08006f70   0x00000040   Code   RO         6152    i.USBH_LL_OpenPipe  usbh_conf.o
    0x08006fb0   0x08006fb0   0x00000008   Code   RO         6348    i.USBH_LL_PortDisabled  usbh_core.o
    0x08006fb8   0x08006fb8   0x00000008   Code   RO         6349    i.USBH_LL_PortEnabled  usbh_core.o
    0x08006fc0   0x08006fc0   0x0000001e   Code   RO         6153    i.USBH_LL_ResetPort  usbh_conf.o
    0x08006fde   0x08006fde   0x00000006   Code   RO         6350    i.USBH_LL_SetTimer  usbh_core.o
    0x08006fe4   0x08006fe4   0x00000046   Code   RO         6154    i.USBH_LL_SetToggle  usbh_conf.o
    0x0800702a   0x0800702a   0x0000001e   Code   RO         6155    i.USBH_LL_Start     usbh_conf.o
    0x08007048   0x08007048   0x0000001e   Code   RO         6156    i.USBH_LL_Stop      usbh_conf.o
    0x08007066   0x08007066   0x00000040   Code   RO         6157    i.USBH_LL_SubmitURB  usbh_conf.o
    0x080070a6   0x080070a6   0x0000003c   Code   RO         6801    i.USBH_MSC_BOT_Abort  usbh_msc_bot.o
    0x080070e2   0x080070e2   0x00000002   PAD
    0x080070e4   0x080070e4   0x00000028   Code   RO         6802    i.USBH_MSC_BOT_Init  usbh_msc_bot.o
    0x0800710c   0x0800710c   0x0000026e   Code   RO         6803    i.USBH_MSC_BOT_Process  usbh_msc_bot.o
    0x0800737a   0x0800737a   0x00000024   Code   RO         6804    i.USBH_MSC_BOT_REQ_GetMaxLUN  usbh_msc_bot.o
    0x0800739e   0x0800739e   0x00000020   Code   RO         6805    i.USBH_MSC_BOT_REQ_Reset  usbh_msc_bot.o
    0x080073be   0x080073be   0x0000009c   Code   RO         6710    i.USBH_MSC_ClassRequest  usbh_msc.o
    0x0800745a   0x0800745a   0x00000002   PAD
    0x0800745c   0x0800745c   0x00000058   Code   RO         6806    i.USBH_MSC_DecodeCSW  usbh_msc_bot.o
    0x080074b4   0x080074b4   0x00000038   Code   RO         6711    i.USBH_MSC_GetLUNInfo  usbh_msc.o
    0x080074ec   0x080074ec   0x00000058   Code   RO         6713    i.USBH_MSC_InterfaceDeInit  usbh_msc.o
    0x08007544   0x08007544   0x000001a4   Code   RO         6714    i.USBH_MSC_InterfaceInit  usbh_msc.o
    0x080076e8   0x080076e8   0x0000001c   Code   RO         6715    i.USBH_MSC_IsReady  usbh_msc.o
    0x08007704   0x08007704   0x000004c2   Code   RO         6716    i.USBH_MSC_Process  usbh_msc.o
    0x08007bc6   0x08007bc6   0x0000016c   Code   RO         6717    i.USBH_MSC_RdWrProcess  usbh_msc.o
    0x08007d32   0x08007d32   0x0000009c   Code   RO         6718    i.USBH_MSC_Read     usbh_msc.o
    0x08007dce   0x08007dce   0x00000100   Code   RO         6853    i.USBH_MSC_SCSI_Inquiry  usbh_msc_scsi.o
    0x08007ece   0x08007ece   0x000000a6   Code   RO         6854    i.USBH_MSC_SCSI_Read  usbh_msc_scsi.o
    0x08007f74   0x08007f74   0x000000a8   Code   RO         6855    i.USBH_MSC_SCSI_ReadCapacity  usbh_msc_scsi.o
    0x0800801c   0x0800801c   0x000000b2   Code   RO         6856    i.USBH_MSC_SCSI_RequestSense  usbh_msc_scsi.o
    0x080080ce   0x080080ce   0x00000062   Code   RO         6857    i.USBH_MSC_SCSI_TestUnitReady  usbh_msc_scsi.o
    0x08008130   0x08008130   0x000000a6   Code   RO         6858    i.USBH_MSC_SCSI_Write  usbh_msc_scsi.o
    0x080081d6   0x080081d6   0x00000006   Code   RO         6719    i.USBH_MSC_SOFProcess  usbh_msc.o
    0x080081dc   0x080081dc   0x0000002c   Code   RO         6720    i.USBH_MSC_UnitIsReady  usbh_msc.o
    0x08008208   0x08008208   0x0000009c   Code   RO         6721    i.USBH_MSC_Write    usbh_msc.o
    0x080082a4   0x080082a4   0x0000002a   Code   RO         6667    i.USBH_OpenPipe     usbh_pipes.o
    0x080082ce   0x080082ce   0x000000da   Code   RO         6485    i.USBH_ParseCfgDesc  usbh_ctlreq.o
    0x080083a8   0x080083a8   0x00000058   Code   RO         6486    i.USBH_ParseDevDesc  usbh_ctlreq.o
    0x08008400   0x08008400   0x00000020   Code   RO         6487    i.USBH_ParseEPDesc  usbh_ctlreq.o
    0x08008420   0x08008420   0x00000026   Code   RO         6488    i.USBH_ParseInterfaceDesc  usbh_ctlreq.o
    0x08008446   0x08008446   0x00000036   Code   RO         6489    i.USBH_ParseStringDesc  usbh_ctlreq.o
    0x0800847c   0x0800847c   0x000002c8   Code   RO         6351    i.USBH_Process      usbh_core.o
    0x08008744   0x08008744   0x00000032   Code   RO         6353    i.USBH_RegisterClass  usbh_core.o
    0x08008776   0x08008776   0x00000028   Code   RO         6354    i.USBH_SelectInterface  usbh_core.o
    0x0800879e   0x0800879e   0x00000028   Code   RO         6490    i.USBH_SetAddress   usbh_ctlreq.o
    0x080087c6   0x080087c6   0x00000028   Code   RO         6491    i.USBH_SetCfg       usbh_ctlreq.o
    0x080087ee   0x080087ee   0x00000028   Code   RO         6492    i.USBH_SetFeature   usbh_ctlreq.o
    0x08008816   0x08008816   0x00000016   Code   RO         6355    i.USBH_Start        usbh_core.o
    0x0800882c   0x0800882c   0x0000033c   Code   RO         6094    i.USBH_UserProcess  usb_host.o
    0x08008b68   0x08008b68   0x00000004   Code   RO         6987    i.USBH_initialize   usbh_diskio.o
    0x08008b6c   0x08008b6c   0x00000100   Code   RO         6988    i.USBH_ioctl        usbh_diskio.o
    0x08008c6c   0x08008c6c   0x00000070   Code   RO         6989    i.USBH_read         usbh_diskio.o
    0x08008cdc   0x08008cdc   0x00000028   Code   RO         6990    i.USBH_status       usbh_diskio.o
    0x08008d04   0x08008d04   0x00000080   Code   RO         6991    i.USBH_write        usbh_diskio.o
    0x08008d84   0x08008d84   0x00000084   Code   RO          891    i.USB_CoreInit      stm32f4xx_ll_usb.o
    0x08008e08   0x08008e08   0x00000054   Code   RO          892    i.USB_CoreReset     stm32f4xx_ll_usb.o
    0x08008e5c   0x08008e5c   0x0000000e   Code   RO          899    i.USB_DisableGlobalInt  stm32f4xx_ll_usb.o
    0x08008e6a   0x08008e6a   0x00000002   PAD
    0x08008e6c   0x08008e6c   0x00000044   Code   RO          900    i.USB_DoPing        stm32f4xx_ll_usb.o
    0x08008eb0   0x08008eb0   0x0000004a   Code   RO          901    i.USB_DriveVbus     stm32f4xx_ll_usb.o
    0x08008efa   0x08008efa   0x0000000e   Code   RO          907    i.USB_EnableGlobalInt  stm32f4xx_ll_usb.o
    0x08008f08   0x08008f08   0x00000030   Code   RO          908    i.USB_FlushRxFifo   stm32f4xx_ll_usb.o
    0x08008f38   0x08008f38   0x00000034   Code   RO          909    i.USB_FlushTxFifo   stm32f4xx_ll_usb.o
    0x08008f6c   0x08008f6c   0x0000000e   Code   RO          910    i.USB_GetCurrentFrame  stm32f4xx_ll_usb.o
    0x08008f7a   0x08008f7a   0x00000018   Code   RO          912    i.USB_GetHostSpeed  stm32f4xx_ll_usb.o
    0x08008f92   0x08008f92   0x0000000a   Code   RO          913    i.USB_GetMode       stm32f4xx_ll_usb.o
    0x08008f9c   0x08008f9c   0x000001b0   Code   RO          914    i.USB_HC_Halt       stm32f4xx_ll_usb.o
    0x0800914c   0x0800914c   0x000001a4   Code   RO          915    i.USB_HC_Init       stm32f4xx_ll_usb.o
    0x080092f0   0x080092f0   0x0000000e   Code   RO          916    i.USB_HC_ReadInterrupt  stm32f4xx_ll_usb.o
    0x080092fe   0x080092fe   0x00000002   PAD
    0x08009300   0x08009300   0x000001d0   Code   RO          917    i.USB_HC_StartXfer  stm32f4xx_ll_usb.o
    0x080094d0   0x080094d0   0x000000f0   Code   RO          918    i.USB_HostInit      stm32f4xx_ll_usb.o
    0x080095c0   0x080095c0   0x00000044   Code   RO          919    i.USB_InitFSLSPClkSel  stm32f4xx_ll_usb.o
    0x08009604   0x08009604   0x0000000a   Code   RO          924    i.USB_ReadInterrupts  stm32f4xx_ll_usb.o
    0x0800960e   0x0800960e   0x00000060   Code   RO          925    i.USB_ReadPacket    stm32f4xx_ll_usb.o
    0x0800966e   0x0800966e   0x0000003c   Code   RO          926    i.USB_ResetPort     stm32f4xx_ll_usb.o
    0x080096aa   0x080096aa   0x00000068   Code   RO          927    i.USB_SetCurrentMode  stm32f4xx_ll_usb.o
    0x08009712   0x08009712   0x000000b4   Code   RO          932    i.USB_StopHost      stm32f4xx_ll_usb.o
    0x080097c6   0x080097c6   0x00000044   Code   RO          933    i.USB_WritePacket   stm32f4xx_ll_usb.o
    0x0800980a   0x0800980a   0x00000004   Code   RO          582    i.UsageFault_Handler  stm32f4xx_it.o
    0x0800980e   0x0800980e   0x00000002   PAD
    0x08009810   0x08009810   0x00000020   Code   RO         7185    i.__0printf$5       mc_w.l(printf5.o)
    0x08009830   0x08009830   0x00000010   Code   RO         2068    i.__NVIC_GetPriorityGrouping  stm32f4xx_hal_cortex.o
    0x08009840   0x08009840   0x00000028   Code   RO         2069    i.__NVIC_SetPriority  stm32f4xx_hal_cortex.o
    0x08009868   0x08009868   0x0000000e   Code   RO         7385    i.__scatterload_copy  mc_w.l(handlers.o)
    0x08009876   0x08009876   0x00000002   Code   RO         7386    i.__scatterload_null  mc_w.l(handlers.o)
    0x08009878   0x08009878   0x0000000e   Code   RO         7387    i.__scatterload_zeroinit  mc_w.l(handlers.o)
    0x08009886   0x08009886   0x00000002   PAD
    0x08009888   0x08009888   0x000002c0   Code   RO         7192    i._printf_core      mc_w.l(printf5.o)
    0x08009b48   0x08009b48   0x000000e0   Code   RO         5763    i.check_fs          ff.o
    0x08009c28   0x08009c28   0x0000001a   Code   RO         5764    i.clst2sect         ff.o
    0x08009c42   0x08009c42   0x00000120   Code   RO         5765    i.create_chain      ff.o
    0x08009d62   0x08009d62   0x00000002   PAD
    0x08009d64   0x08009d64   0x0000010c   Code   RO         5766    i.create_name       ff.o
    0x08009e70   0x08009e70   0x00000034   Code   RO         5767    i.dbc_1st           ff.o
    0x08009ea4   0x08009ea4   0x00000048   Code   RO         5768    i.dbc_2nd           ff.o
    0x08009eec   0x08009eec   0x00000060   Code   RO         5769    i.dir_alloc         ff.o
    0x08009f4c   0x08009f4c   0x0000005e   Code   RO         5770    i.dir_clear         ff.o
    0x08009faa   0x08009faa   0x0000006c   Code   RO         5771    i.dir_find          ff.o
    0x0800a016   0x0800a016   0x000000ca   Code   RO         5772    i.dir_next          ff.o
    0x0800a0e0   0x0800a0e0   0x00000074   Code   RO         5773    i.dir_read          ff.o
    0x0800a154   0x0800a154   0x00000042   Code   RO         5774    i.dir_register      ff.o
    0x0800a196   0x0800a196   0x0000009a   Code   RO         5776    i.dir_sdi           ff.o
    0x0800a230   0x0800a230   0x00000026   Code   RO         5693    i.disk_initialize   diskio.o
    0x0800a256   0x0800a256   0x00000032   Code   RO         5694    i.disk_ioctl        diskio.o
    0x0800a288   0x0800a288   0x00000036   Code   RO         5695    i.disk_read         diskio.o
    0x0800a2be   0x0800a2be   0x00000026   Code   RO         5696    i.disk_status       diskio.o
    0x0800a2e4   0x0800a2e4   0x00000036   Code   RO         5697    i.disk_write        diskio.o
    0x0800a31a   0x0800a31a   0x00000022   Code   RO         5777    i.f_close           ff.o
    0x0800a33c   0x0800a33c   0x00000054   Code   RO         5783    i.f_mount           ff.o
    0x0800a390   0x0800a390   0x000001ee   Code   RO         5784    i.f_open            ff.o
    0x0800a57e   0x0800a57e   0x0000006c   Code   RO         5785    i.f_opendir         ff.o
    0x0800a5ea   0x0800a5ea   0x0000019c   Code   RO         5789    i.f_read            ff.o
    0x0800a786   0x0800a786   0x0000004e   Code   RO         5790    i.f_readdir         ff.o
    0x0800a7d4   0x0800a7d4   0x000000a0   Code   RO         5793    i.f_sync            ff.o
    0x0800a874   0x0800a874   0x000001de   Code   RO         5796    i.f_write           ff.o
    0x0800aa52   0x0800aa52   0x00000078   Code   RO         5797    i.find_volume       ff.o
    0x0800aaca   0x0800aaca   0x0000009e   Code   RO         5798    i.follow_path       ff.o
    0x0800ab68   0x0800ab68   0x0000001c   Code   RO          508    i.fputc             usart.o
    0x0800ab84   0x0800ab84   0x00000050   Code   RO         7313    i.free              mc_w.l(malloc.o)
    0x0800abd4   0x0800abd4   0x000000e0   Code   RO         5799    i.get_fat           ff.o
    0x0800acb4   0x0800acb4   0x00000004   Code   RO         5698    i.get_fattime       diskio.o
    0x0800acb8   0x0800acb8   0x00000092   Code   RO         5800    i.get_fileinfo      ff.o
    0x0800ad4a   0x0800ad4a   0x0000004e   Code   RO         5801    i.get_ldnumber      ff.o
    0x0800ad98   0x0800ad98   0x00000026   Code   RO         5802    i.ld_clust          ff.o
    0x0800adbe   0x0800adbe   0x00000018   Code   RO         5803    i.ld_dword          ff.o
    0x0800add6   0x0800add6   0x0000000c   Code   RO         5804    i.ld_word           ff.o
    0x0800ade2   0x0800ade2   0x00000002   PAD
    0x0800ade4   0x0800ade4   0x00000058   Code   RO           15    i.main              main.o
    0x0800ae3c   0x0800ae3c   0x0000006c   Code   RO         7314    i.malloc            mc_w.l(malloc.o)
    0x0800aea8   0x0800aea8   0x000002a8   Code   RO         5805    i.mount_volume      ff.o
    0x0800b150   0x0800b150   0x00000034   Code   RO         5806    i.move_window       ff.o
    0x0800b184   0x0800b184   0x00000138   Code   RO         5807    i.put_fat           ff.o
    0x0800b2bc   0x0800b2bc   0x00000280   Code   RO         6915    i.read_write_flie   fil_option.o
    0x0800b53c   0x0800b53c   0x0000009a   Code   RO         5811    i.remove_chain      ff.o
    0x0800b5d6   0x0800b5d6   0x00000024   Code   RO         5812    i.st_clust          ff.o
    0x0800b5fa   0x0800b5fa   0x00000018   Code   RO         5813    i.st_dword          ff.o
    0x0800b612   0x0800b612   0x0000000c   Code   RO         5814    i.st_word           ff.o
    0x0800b61e   0x0800b61e   0x00000002   PAD
    0x0800b620   0x0800b620   0x0000008c   Code   RO         5815    i.sync_fs           ff.o
    0x0800b6ac   0x0800b6ac   0x0000004a   Code   RO         5816    i.sync_window       ff.o
    0x0800b6f6   0x0800b6f6   0x0000003c   Code   RO         5817    i.validate          ff.o
    0x0800b732   0x0800b732   0x00000018   Data   RO         4973    .constdata          system_stm32f4xx.o
    0x0800b74a   0x0800b74a   0x00000002   PAD
    0x0800b74c   0x0800b74c   0x00003cf0   Data   RO         5198    .constdata          bsp_lcd.o
    0x0800f43c   0x0800f43c   0x0000000a   Data   RO         5819    .constdata          ff.o
    0x0800f446   0x0800f446   0x00000002   PAD
    0x0800f448   0x0800f448   0x00000004   Data   RO         6722    .conststring        usbh_msc.o
    0x0800f44c   0x0800f44c   0x00000044   Data   RO         6917    .conststring        fil_option.o
    0x0800f490   0x0800f490   0x00000020   Data   RO         7383    Region$$Table       anon$$obj.o


    Execution Region RW_IRAM2 (Exec base: 0x10000000, Load base: 0x0800f58c, Size: 0x00000000, Max: 0x00010000, ABSOLUTE)

    **** No section assigned to this execution region ****


    Execution Region RW_IRAM1 (Exec base: 0x20000000, Load base: 0x0800f4b0, Size: 0x00008af0, Max: 0x00030000, ABSOLUTE)

    Exec Addr    Load Addr    Size         Type   Attr      Idx    E Section Name        Object

    0x20000000   0x0800f4b0   0x00000008   Data   RW          334    .data               fmc.o
    0x20000008   0x0800f4b8   0x00000002   Data   RW          458    .data               tim.o
    0x2000000a   0x0800f4ba   0x00000002   PAD
    0x2000000c   0x0800f4bc   0x00000009   Data   RW         2219    .data               stm32f4xx_hal.o
    0x20000015   0x0800f4c5   0x00000003   PAD
    0x20000018   0x0800f4c8   0x00000004   Data   RW         4974    .data               system_stm32f4xx.o
    0x2000001c   0x0800f4cc   0x00000039   Data   RW         5199    .data               bsp_lcd.o
    0x20000055   0x0800f505   0x00000003   PAD
    0x20000058   0x0800f508   0x0000003d   Data   RW         5557    .data               bsp_spi_flash.o
    0x20000095   0x0800f545   0x00000001   PAD
    0x20000096   0x0800f546   0x00000002   Data   RW         5820    .data               ff.o
    0x20000098   0x0800f548   0x00000001   Data   RW         6096    .data               usb_host.o
    0x20000099   0x0800f549   0x00000003   PAD
    0x2000009c   0x0800f54c   0x00000020   Data   RW         6723    .data               usbh_msc.o
    0x200000bc   0x0800f56c   0x00000014   Data   RW         6918    .data               fil_option.o
    0x200000d0   0x0800f580   0x00000004   Data   RW         7357    .data               mc_w.l(stdout.o)
    0x200000d4   0x0800f584   0x00000004   Data   RW         7364    .data               mc_w.l(mvars.o)
    0x200000d8   0x0800f588   0x00000004   Data   RW         7365    .data               mc_w.l(mvars.o)
    0x200000dc        -       0x00000040   Zero   RW          289    .bss                dma2d.o
    0x2000011c        -       0x00000034   Zero   RW          333    .bss                fmc.o
    0x20000150        -       0x000000a8   Zero   RW          384    .bss                ltdc.o
    0x200001f8        -       0x00000058   Zero   RW          424    .bss                spi.o
    0x20000250        -       0x00000048   Zero   RW          457    .bss                tim.o
    0x20000298        -       0x00000088   Zero   RW          509    .bss                usart.o
    0x20000320        -       0x00000058   Zero   RW         5197    .bss                bsp_lcd.o
    0x20000378        -       0x00000038   Zero   RW         5556    .bss                bsp_spi_flash.o
    0x200003b0        -       0x00000010   Zero   RW         5818    .bss                ff.o
    0x200003c0        -       0x000003d8   Zero   RW         6095    .bss                usb_host.o
    0x20000798        -       0x00000304   Zero   RW         6158    .bss                usbh_conf.o
    0x20000a9c        -       0x00000054   Zero   RW         6916    .bss                fil_option.o
    0x20000af0        -       0x00004000   Zero   RW            2    HEAP                startup_stm32f429xx.o
    0x20004af0        -       0x00004000   Zero   RW            1    STACK               startup_stm32f429xx.o



  Load Region LR$$.ARM.__AT_0xC0000000 (Base: 0xc0000000, Size: 0x00000000, Max: 0x02000000, ABSOLUTE)

    Execution Region ER$$.ARM.__AT_0xC0000000 (Exec base: 0xc0000000, Load base: 0xc0000000, Size: 0x02000000, Max: 0x02000000, ABSOLUTE, UNINIT)

    Exec Addr    Load Addr    Size         Type   Attr      Idx    E Section Name        Object

    0xc0000000        -       0x02000000   Zero   RW         5026    .ARM.__AT_0xC0000000  bsp_sdram.o


==============================================================================

Image component sizes


      Code (inc. data)   RO Data    RW Data    ZI Data      Debug   Object Name

      2712        198      15600         57         88      22381   bsp_lcd.o
       274         12          0          0   33554432       2986   bsp_sdram.o
      2238        424          0         61         56      14310   bsp_spi_flash.o
       238          0          0          0          0       5564   diskio.o
       100         24          0          0         64       2099   dma2d.o
      5958         76         10          2         16      47417   ff.o
       860        466         68         20         84       2898   fil_option.o
       382         38          0          8         52       2440   fmc.o
       568         30          0          0          0       1359   gpio.o
       516         38          0          0        168       2130   ltdc.o
       274         14          0          0          0     816055   main.o
         0          0          0          0         88        216   spi.o
        36          8        428          0      32768        852   startup_stm32f429xx.o
       212         36          0          9          0       9669   stm32f4xx_hal.o
       304         22          0          0          0      34563   stm32f4xx_hal_cortex.o
       212          0          0          0          0       2003   stm32f4xx_hal_dma.o
       974          6          0          0          0       5828   stm32f4xx_hal_dma2d.o
       556         52          0          0          0       2837   stm32f4xx_hal_gpio.o
      5986          0          0          0          0      13993   stm32f4xx_hal_hcd.o
      1324         12          0          0          0       5934   stm32f4xx_hal_ltdc.o
        88          4          0          0          0        894   stm32f4xx_hal_msp.o
      1820         84          0          0          0       5732   stm32f4xx_hal_rcc.o
       772         26          0          0          0       1628   stm32f4xx_hal_rcc_ex.o
       162          0          0          0          0       2788   stm32f4xx_hal_sdram.o
       200          0          0          0          0       1215   stm32f4xx_hal_spi.o
      1286         76          0          0          0       9891   stm32f4xx_hal_tim.o
       184         30          0          0          0       2557   stm32f4xx_hal_tim_ex.o
      2274         14          0          0          0      11840   stm32f4xx_hal_uart.o
       116         30          0          0          0       7383   stm32f4xx_it.o
       368          4          0          0          0       3608   stm32f4xx_ll_fmc.o
      2690         46          0          0          0      18635   stm32f4xx_ll_usb.o
        20          6         24          4          0       1175   system_stm32f4xx.o
       248         24          0          2         72       2378   tim.o
       492         44          0          0        136       3103   usart.o
       908        534          0          1        984       2654   usb_host.o
       914         16          0          0        772      15361   usbh_conf.o
      1916         22          0          0          0      11767   usbh_core.o
      1380         12          0          0          0      13046   usbh_ctlreq.o
       540         74          0          0          0       4119   usbh_diskio.o
       226          0          0          0          0       4600   usbh_ioreq.o
      2692         10          4         32          0      11632   usbh_msc.o
       878         26          0          0          0       5421   usbh_msc_bot.o
      1032          0          0          0          0       6023   usbh_msc_scsi.o
       172          0          0          0          0       4106   usbh_pipes.o
        32          4          0          0          0        606   usbh_platform.o

    ----------------------------------------------------------------------
     45174       2542      16170        208   33589780    1147696   Object Totals
         0          0         32          0          0          0   (incl. Generated)
        40          0          4         12          0          0   (incl. Padding)

    ----------------------------------------------------------------------

      Code (inc. data)   RO Data    RW Data    ZI Data      Debug   Library Member Name

         0          0          0          0          0          0   entry.o
         0          0          0          0          0          0   entry10a.o
         0          0          0          0          0          0   entry11a.o
         4          0          0          0          0          0   entry12b.o
         8          4          0          0          0          0   entry2.o
         4          0          0          0          0          0   entry5.o
         0          0          0          0          0          0   entry7b.o
         0          0          0          0          0          0   entry8b.o
         8          4          0          0          0          0   entry9a.o
        30          0          0          0          0          0   handlers.o
        36          8          0          0          0         68   init.o
        30          0          0          0          0         68   llshl.o
        32          0          0          0          0         68   llushr.o
       188         20          0          0          0        160   malloc.o
        26          0          0          0          0         80   memcmp.o
        36          0          0          0          0         68   memcpya.o
        36          0          0          0          0        108   memseta.o
         0          0          0          8          0          0   mvars.o
       736         54          0          0          0        184   printf5.o
         0          0          0          4          0          0   stdout.o
        20          0          0          0          0         68   strchr.o
        98          0          0          0          0         92   uldiv.o

    ----------------------------------------------------------------------
      1296         90          0         12          0        964   Library Totals
         4          0          0          0          0          0   (incl. Padding)

    ----------------------------------------------------------------------

      Code (inc. data)   RO Data    RW Data    ZI Data      Debug   Library Name

      1292         90          0         12          0        964   mc_w.l

    ----------------------------------------------------------------------
      1296         90          0         12          0        964   Library Totals

    ----------------------------------------------------------------------

==============================================================================


      Code (inc. data)   RO Data    RW Data    ZI Data      Debug   

     46470       2632      16170        220   33589780    1116048   Grand Totals
     46470       2632      16170        220   33589780    1116048   ELF Image Totals
     46470       2632      16170        220          0          0   ROM Totals

==============================================================================

    Total RO  Size (Code + RO Data)                62640 (  61.17kB)
    Total RW  Size (RW Data + ZI Data)          33590000 (32802.73kB)
    Total ROM Size (Code + RO Data + RW Data)      62860 (  61.39kB)

==============================================================================

